[Licensing::Module] Trying to connect to existing licensing client channel...
Built from '6000.3/respin/6000.3.6f1-732c1ec89f18' branch; Version is '6000.3.6f1 (bbb010bdb8a3) revision 12300304'; Using compiler version '194234433'; Build Type 'Release'
OS: 'Windows 11  (10.0.26200) Core' Language: 'en' Physical Memory: 15557 MB
BatchMode: 1, IsHumanControllingUs: 0, StartBugReporterOnCrash: 0, Is64bit: 1
[Licensing::IpcConnector] Successfully connected to: "LicenseClient-jayde" at "2026-10-01T14:16:52.7609783Z"
System  architecture: x64
Process architecture: x64
Date: 2026-10-01T14:16:52Z

COMMAND LINE ARGUMENTS:
C:\Program Files\Unity 6000.3.6f1\Editor\Unity.exe
-adb2
-batchMode
-noUpm
-name
AssetImportWorker0
-projectPath
C:/Users/jayde/Documents/UnityProjects/CPS499_561_RollerCoaster
-logFile
Logs/AssetImportWorker0.log
-srvPort
52842
-licensingIpc
LicenseClient-jayde
-job-worker-count
5
-background-job-worker-count
8
-gc-helper-count
1
-name
AssetImport
Successfully changed project path to: C:/Users/jayde/Documents/UnityProjects/CPS499_561_RollerCoaster
C:/Users/jayde/Documents/UnityProjects/CPS499_561_RollerCoaster
[UnityMemory] Configuration Parameters - Can be set up in boot.config
    "memorysetup-temp-allocator-size-nav-mesh-worker=65536"
    "memorysetup-temp-allocator-size-audio-worker=65536"
    "memorysetup-temp-allocator-size-gfx=262144"
    "memorysetup-allocator-temp-initial-block-size-main=262144"
    "memorysetup-allocator-temp-initial-block-size-worker=262144"
    "memorysetup-temp-allocator-size-background-worker=32768"
    "memorysetup-temp-allocator-size-job-worker=262144"
    "memorysetup-temp-allocator-size-preload-manager=33554432"
    "memorysetup-temp-allocator-size-gi-baking-worker=262144"
    "memorysetup-temp-allocator-size-gi-baking-worker=262144"
    "memorysetup-temp-allocator-size-gi-baking-worker=262144"
    "memorysetup-temp-allocator-size-gi-baking-worker=262144"
    "memorysetup-temp-allocator-size-gi-baking-worker=262144"
    "memorysetup-bucket-allocator-granularity=16"
    "memorysetup-bucket-allocator-bucket-count=8"
    "memorysetup-bucket-allocator-block-size=33554432"
    "memorysetup-bucket-allocator-block-count=8"
    "memorysetup-main-allocator-block-size=16777216"
    "memorysetup-thread-allocator-block-size=16777216"
    "memorysetup-gfx-main-allocator-block-size=16777216"
    "memorysetup-gfx-thread-allocator-block-size=16777216"
    "memorysetup-cache-allocator-block-size=4194304"
    "memorysetup-typetree-allocator-block-size=2097152"
    "memorysetup-profiler-bucket-allocator-granularity=16"
    "memorysetup-profiler-bucket-allocator-bucket-count=8"
    "memorysetup-profiler-bucket-allocator-block-size=33554432"
    "memorysetup-profiler-bucket-allocator-block-count=8"
    "memorysetup-profiler-allocator-block-size=16777216"
    "memorysetup-profiler-editor-allocator-block-size=1048576"
    "memorysetup-temp-allocator-size-main=16777216"
    "memorysetup-job-temp-allocator-block-size=2097152"
    "memorysetup-job-temp-allocator-block-size-background=1048576"
    "memorysetup-job-temp-allocator-reduction-small-platforms=262144"
    "memorysetup-temp-allocator-size-cloud-worker=32768"
Player connection [9800]  Target information:

Player connection [9800]  * "[IP] 131.238.222.250 [Port] 0 [Flags] 2 [Guid] 1293396929 [EditorId] 1293396929 [Version] 1048832 [Id] WindowsEditor(7,JaydenLenovo1) [Debug] 1 [PackageName] WindowsEditor [ProjectName] Editor" 

Player connection [9800] Host joined multi-casting on [225.0.0.222:54997]...
Player connection [9800] Host joined alternative multi-casting on [225.0.0.222:34997]...
JobSystem: Creating JobQueue using job-worker-count value 5
Input System module state changed to: Initialized.
[Physics::Module] Initialized fallback backend.
[Physics::Module] Id: 0xdecafbad
Library Redirect Path: Library/
[Physics::Module] Selected backend.
[Physics::Module] Name: PhysX
[Physics::Module] Id: 0xf2b8ea05
[Physics::Module] SDK Version: 4.1.2
[Physics::Module] Integration Version: 1.0.0
[Physics::Module] Threading Mode: Multi-Threaded
Refreshing native plugins compatible for Editor in 3.95 ms, found 3 plugins.
Preloading 0 native plugins for Editor in 0.00 ms.
Initialize engine version: 6000.3.6f1 (bbb010bdb8a3)
[Subsystems] Discovering subsystems at path C:/Program Files/Unity 6000.3.6f1/Editor/Data/Resources/UnitySubsystems
[Subsystems] Discovering subsystems at path C:/Users/jayde/Documents/UnityProjects/CPS499_561_RollerCoaster/Assets
GfxDevice: creating device client; kGfxThreadingModeNonThreaded
Direct3D:
    Version:  Direct3D 11.0 [level 11.1]
    Renderer: NVIDIA GeForce RTX 3050 Laptop GPU (ID=0x25a2)
    Vendor:   NVIDIA
    VRAM:     3977 MB
    Driver:   31.0.15.3770
Initialize mono
Mono path[0] = 'C:/Program Files/Unity 6000.3.6f1/Editor/Data/Managed'
Mono path[1] = 'C:/Program Files/Unity 6000.3.6f1/Editor/Data/MonoBleedingEdge/lib/mono/unityjit-win32'
Mono config path = 'C:/Program Files/Unity 6000.3.6f1/Editor/Data/MonoBleedingEdge/etc'
Using monoOptions --debugger-agent=transport=dt_socket,embedding=1,server=y,suspend=n,address=127.0.0.1:56684
Begin MonoManager ReloadAssembly
Registering precompiled unity dll's ...
Register platform support module: C:/Program Files/Unity 6000.3.6f1/Editor/Data/PlaybackEngines/WindowsStandaloneSupport/UnityEditor.WindowsStandalone.Extensions.dll
Registered in 0.003760 seconds.
- Loaded All Assemblies, in  0.950 seconds
[Licensing::Client] Handshaking with LicensingClient:
  Version:                 1.17.4+4293ba1
  Session Id:              3aff86e3f5274fecb5ecbfdc7ba352d1
  Correlation Id:          bdaadadb704a8cc45cb53a4f2bc1cf0c
  External correlation Id: 2140894690431827053
  Machine Id:              xheNMcDZ5pKxvAtcUY2Fr0s4dV0=
[Licensing::Module] Successfully connected to LicensingClient on channel: "LicenseClient-jayde" (connect: 0.00s, validation: 0.00s, handshake: 2.17s)
[Licensing::IpcConnector] Successfully connected to: "LicenseClient-jayde-notifications" at "2026-10-01T14:16:54.9346155Z"
[Licensing::Module] Licensing Background thread has ended after 2.17s
Native extension for WindowsStandalone target not found
ScheduleIndexationOnStartup MainProcess:False IndexOnStartup:True
Mono: successfully reloaded assembly
- Finished resetting the current domain, in  0.764 seconds
Domain Reload Profiling: 1707ms
	BeginReloadAssembly (348ms)
		ExecutionOrderSort (0ms)
		DisableScriptedObjects (0ms)
		BackupInstance (0ms)
		ReleaseScriptingObjects (0ms)
		CreateAndSetChildDomain (2ms)
	RebuildCommonClasses (88ms)
	RebuildNativeTypeToScriptingClass (26ms)
	initialDomainReloadingComplete (101ms)
	LoadAllAssembliesAndSetupDomain (379ms)
		LoadAssemblies (336ms)
		RebuildTransferFunctionScriptingTraits (0ms)
		AnalyzeDomain (374ms)
			TypeCache.Refresh (370ms)
				TypeCache.ScanAssembly (344ms)
			BuildScriptInfoCaches (0ms)
			ResolveRequiredComponents (1ms)
	FinalizeReload (765ms)
		ReleaseScriptCaches (0ms)
		RebuildScriptCaches (0ms)
		SetupLoadedEditorAssemblies (684ms)
			LogAssemblyErrors (0ms)
			InitializePlatformSupportModulesInManaged (121ms)
			SetLoadedEditorAssemblies (8ms)
			BeforeProcessingInitializeOnLoad (181ms)
			ProcessInitializeOnLoadAttributes (260ms)
			ProcessInitializeOnLoadMethodAttributes (114ms)
			AfterProcessingInitializeOnLoad (0ms)
			EditorAssembliesLoaded (0ms)
		ExecutionOrderSort2 (0ms)
		AwakeInstancesAfterBackupRestoration (0ms)
========================================================================
Worker process is ready to serve import requests
Import Worker Mode flag is 0x00
Begin MonoManager ReloadAssembly
[Licensing::Client] Successfully resolved entitlement details
[Licensing::Module] License group:
  Id: 2476034115965-UnityPersXXXX
  Product: Unity Personal
  Type: Assigned
  Expiration: Unlimited
- Loaded All Assemblies, in  1.116 seconds
Refreshing native plugins compatible for Editor in 1.63 ms, found 3 plugins.
Native extension for WindowsStandalone target not found
Package Manager log level set to [2]
[Package Manager] Failed to launch server process. Reason: Unity was launched with the -noUpm command-line argument
[Package Manager] Unable to send message (not connected to server process).
[Package Manager] Cannot connect to Unity Package Manager local server
ScheduleIndexationOnStartup MainProcess:False IndexOnStartup:True
Mono: successfully reloaded assembly
- Finished resetting the current domain, in  0.977 seconds
Domain Reload Profiling: 2084ms
	BeginReloadAssembly (317ms)
		ExecutionOrderSort (0ms)
		DisableScriptedObjects (10ms)
		BackupInstance (0ms)
		ReleaseScriptingObjects (0ms)
		CreateAndSetChildDomain (59ms)
	RebuildCommonClasses (63ms)
	RebuildNativeTypeToScriptingClass (21ms)
	initialDomainReloadingComplete (53ms)
	LoadAllAssembliesAndSetupDomain (652ms)
		LoadAssemblies (515ms)
		RebuildTransferFunctionScriptingTraits (0ms)
		AnalyzeDomain (310ms)
			TypeCache.Refresh (221ms)
				TypeCache.ScanAssembly (206ms)
			BuildScriptInfoCaches (75ms)
			ResolveRequiredComponents (8ms)
	FinalizeReload (978ms)
		ReleaseScriptCaches (0ms)
		RebuildScriptCaches (0ms)
		SetupLoadedEditorAssemblies (783ms)
			LogAssemblyErrors (0ms)
			InitializePlatformSupportModulesInManaged (2ms)
			SetLoadedEditorAssemblies (6ms)
			BeforeProcessingInitializeOnLoad (239ms)
			ProcessInitializeOnLoadAttributes (462ms)
			ProcessInitializeOnLoadMethodAttributes (63ms)
			AfterProcessingInitializeOnLoad (12ms)
			EditorAssembliesLoaded (0ms)
		ExecutionOrderSort2 (0ms)
		AwakeInstancesAfterBackupRestoration (11ms)
Launched and connected shader compiler UnityShaderCompiler.exe after 0.02 seconds
Refreshing native plugins compatible for Editor in 9.62 ms, found 3 plugins.
Preloading 0 native plugins for Editor in 0.00 ms.
Unloading 0 Unused Serialized files (Serialized files now loaded: 0)
Unloading 3835 unused Assets / (1.7 MB). Loaded Objects now: 4451.
Memory consumption went from 107.0 MB to 105.2 MB.
Total: 25.398300 ms (FindLiveObjects: 1.100700 ms CreateObjectMapping: 0.972000 ms MarkObjects: 20.328800 ms  DeleteObjects: 2.995000 ms)

========================================================================
Received Import Request.
  Time since last request: 2481.263113 seconds.
  path: Assets/Desert/Top-Down Desert Pack/Mesh/rock_half_04.FBX
  artifactKey: Guid(952d2eba78ee12b47843ac45e68223ae) Importer(2089858483,d624ce77472d68a35037170ec1d2d27e)
Start importing Assets/Desert/Top-Down Desert Pack/Mesh/rock_half_04.FBX using Guid(952d2eba78ee12b47843ac45e68223ae) Importer(2089858483,d624ce77472d68a35037170ec1d2d27e) (ScriptedImporter) -> (artifact id: '3890326c3dfb9d9d1479db0cfbc2b38a') in 0.2703885 seconds
Number of updated asset objects reloaded before import = 0Number of asset objects unloaded after import = 10

========================================================================
Received Import Request.
  Time since last request: 0.000033 seconds.
  path: Assets/Desert/Top-Down Desert Pack/Texture/Palm_bark.tif
  artifactKey: Guid(688a5e955ea5ddb49a147928838205b1) Importer(2089858483,d624ce77472d68a35037170ec1d2d27e)
Start importing Assets/Desert/Top-Down Desert Pack/Texture/Palm_bark.tif using Guid(688a5e955ea5ddb49a147928838205b1) Importer(2089858483,d624ce77472d68a35037170ec1d2d27e) (ScriptedImporter) -> (artifact id: '8c2a641f784fb2d942b84bbe6687917f') in 0.1224366 seconds
Number of updated asset objects reloaded before import = 0Number of asset objects unloaded after import = 1

========================================================================
Received Import Request.
  Time since last request: 0.000042 seconds.
  path: Assets/Desert/Top-Down Desert Pack/Mesh/Ruins/column_01.FBX
  artifactKey: Guid(5fcbf9a53e9f9124597db2144553ceba) Importer(2089858483,d624ce77472d68a35037170ec1d2d27e)
Start importing Assets/Desert/Top-Down Desert Pack/Mesh/Ruins/column_01.FBX using Guid(5fcbf9a53e9f9124597db2144553ceba) Importer(2089858483,d624ce77472d68a35037170ec1d2d27e) (ScriptedImporter) -> (artifact id: '116eec3b01675a6cf237a15a4cd21637') in 0.0254503 seconds
Number of updated asset objects reloaded before import = 0Number of asset objects unloaded after import = 8

========================================================================
Received Import Request.
  Time since last request: 0.000030 seconds.
  path: Assets/Desert/Top-Down Desert Pack/Materials/Ruins.mat
  artifactKey: Guid(ec584cd9c413a29439d33355215844e9) Importer(2089858483,d624ce77472d68a35037170ec1d2d27e)
Start importing Assets/Desert/Top-Down Desert Pack/Materials/Ruins.mat using Guid(ec584cd9c413a29439d33355215844e9) Importer(2089858483,d624ce77472d68a35037170ec1d2d27e) (ScriptedImporter) -> (artifact id: '89efac5226b2581a5d2d00ef673e0a84') in 0.1638745 seconds
Number of updated asset objects reloaded before import = 0Number of asset objects unloaded after import = 3

========================================================================
Received Import Request.
  Time since last request: 0.000028 seconds.
  path: Assets/Desert/Top-Down Desert Pack/Prefab/Camp/flag.prefab
  artifactKey: Guid(96a80b71a8cffbc4597c467de109b86f) Importer(2089858483,d624ce77472d68a35037170ec1d2d27e)
Start importing Assets/Desert/Top-Down Desert Pack/Prefab/Camp/flag.prefab using Guid(96a80b71a8cffbc4597c467de109b86f) Importer(2089858483,d624ce77472d68a35037170ec1d2d27e) (ScriptedImporter) -> (artifact id: '0044ae0243c987ee52e95722d86a0b4b') in 0.0220415 seconds
Number of updated asset objects reloaded before import = 0Number of asset objects unloaded after import = 11

========================================================================
Received Import Request.
  Time since last request: 0.000025 seconds.
  path: Assets/Desert/Top-Down Desert Pack/Materials/desert_plants.mat
  artifactKey: Guid(9719914ded879d94a953a5a7c8e7f6e8) Importer(2089858483,d624ce77472d68a35037170ec1d2d27e)
Start importing Assets/Desert/Top-Down Desert Pack/Materials/desert_plants.mat using Guid(9719914ded879d94a953a5a7c8e7f6e8) Importer(2089858483,d624ce77472d68a35037170ec1d2d27e) (ScriptedImporter) -> (artifact id: '0951f2ddea4b3eb60dedda94f1acbecd') in 0.0913959 seconds
Number of updated asset objects reloaded before import = 0Number of asset objects unloaded after import = 3

========================================================================
Received Import Request.
  Time since last request: 0.000051 seconds.
  path: Assets/Desert/Top-Down Desert Pack/Materials/Palm_bark.mat
  artifactKey: Guid(85ec2b2e7142fff40b8bcbf591ee7cf1) Importer(2089858483,d624ce77472d68a35037170ec1d2d27e)
Start importing Assets/Desert/Top-Down Desert Pack/Materials/Palm_bark.mat using Guid(85ec2b2e7142fff40b8bcbf591ee7cf1) Importer(2089858483,d624ce77472d68a35037170ec1d2d27e) (ScriptedImporter) -> (artifact id: 'b8599bc9807c63d99f84f05d63f3eb34') in 0.0415152 seconds
Number of updated asset objects reloaded before import = 0Number of asset objects unloaded after import = 3

========================================================================
Received Import Request.
  Time since last request: 0.000027 seconds.
  path: Assets/Desert/Top-Down Desert Pack/Materials/Rock.mat
  artifactKey: Guid(39275e9a8f87aae4e91f943bfa81df2f) Importer(2089858483,d624ce77472d68a35037170ec1d2d27e)
Start importing Assets/Desert/Top-Down Desert Pack/Materials/Rock.mat using Guid(39275e9a8f87aae4e91f943bfa81df2f) Importer(2089858483,d624ce77472d68a35037170ec1d2d27e) (ScriptedImporter) -> (artifact id: '6027272c251eb0c2a1240f3e301f563c') in 0.028045 seconds
Number of updated asset objects reloaded before import = 0Number of asset objects unloaded after import = 3

========================================================================
Received Import Request.
  Time since last request: 0.000030 seconds.
  path: Assets/Desert/Top-Down Desert Pack/Mesh/bone_04.FBX
  artifactKey: Guid(85d1f37e157caf94991f874451a028e5) Importer(2089858483,d624ce77472d68a35037170ec1d2d27e)
Start importing Assets/Desert/Top-Down Desert Pack/Mesh/bone_04.FBX using Guid(85d1f37e157caf94991f874451a028e5) Importer(2089858483,d624ce77472d68a35037170ec1d2d27e) (ScriptedImporter) -> (artifact id: 'a0755ad28ba52f9a54eabe58cf0aa51f') in 0.0310956 seconds
Number of updated asset objects reloaded before import = 0Number of asset objects unloaded after import = 10

========================================================================
Received Import Request.
  Time since last request: 0.000040 seconds.
  path: Assets/Desert/Top-Down Desert Pack/Prefab/cactus_01.prefab
  artifactKey: Guid(4fe240d8a409aaa40b2d517660f0e79d) Importer(2089858483,d624ce77472d68a35037170ec1d2d27e)
Start importing Assets/Desert/Top-Down Desert Pack/Prefab/cactus_01.prefab using Guid(4fe240d8a409aaa40b2d517660f0e79d) Importer(2089858483,d624ce77472d68a35037170ec1d2d27e) (ScriptedImporter) -> (artifact id: '9d1a890fee5772592c9d8b6b01f1bd51') in 0.0227429 seconds
Number of updated asset objects reloaded before import = 0Number of asset objects unloaded after import = 11

========================================================================
Received Import Request.
  Time since last request: 0.000027 seconds.
  path: Assets/Desert/Top-Down Desert Pack/Water/Water4
  artifactKey: Guid(17e234879cb994b7f93d7437c10d23d6) Importer(2089858483,d624ce77472d68a35037170ec1d2d27e)
Start importing Assets/Desert/Top-Down Desert Pack/Water/Water4 using Guid(17e234879cb994b7f93d7437c10d23d6) Importer(2089858483,d624ce77472d68a35037170ec1d2d27e) (ScriptedImporter) -> (artifact id: 'f2b2d431ddafd5dd833818d1eb507add') in 0.0198434 seconds
Number of updated asset objects reloaded before import = 0Number of asset objects unloaded after import = 1

========================================================================
Received Import Request.
  Time since last request: 0.000024 seconds.
  path: Assets/Desert/Top-Down Desert Pack/Texture/Desert_rock_normals.tga
  artifactKey: Guid(b8ba884c888f2334f93f78ef43898db1) Importer(2089858483,d624ce77472d68a35037170ec1d2d27e)
Start importing Assets/Desert/Top-Down Desert Pack/Texture/Desert_rock_normals.tga using Guid(b8ba884c888f2334f93f78ef43898db1) Importer(2089858483,d624ce77472d68a35037170ec1d2d27e) (ScriptedImporter) -> (artifact id: 'c546bd73830e2ce0b5000753200a22a2') in 0.0218529 seconds
Number of updated asset objects reloaded before import = 0Number of asset objects unloaded after import = 1

========================================================================
Received Import Request.
  Time since last request: 0.000028 seconds.
  path: Assets/Desert/Top-Down Desert Pack/Mesh/cactus_02.FBX
  artifactKey: Guid(6b6f4ba9f2fa8cd4fad67d19d2715727) Importer(2089858483,d624ce77472d68a35037170ec1d2d27e)
Start importing Assets/Desert/Top-Down Desert Pack/Mesh/cactus_02.FBX using Guid(6b6f4ba9f2fa8cd4fad67d19d2715727) Importer(2089858483,d624ce77472d68a35037170ec1d2d27e) (ScriptedImporter) -> (artifact id: 'c69e38fececcdcbf393f5530357af2b4') in 0.0259867 seconds
Number of updated asset objects reloaded before import = 0Number of asset objects unloaded after import = 11

========================================================================
Received Import Request.
  Time since last request: 0.000033 seconds.
  path: Assets/Desert/Top-Down Desert Pack/Prefab/Skull_02.prefab
  artifactKey: Guid(855bf43c9f9ccbe4cac8101a4474097c) Importer(2089858483,d624ce77472d68a35037170ec1d2d27e)
Start importing Assets/Desert/Top-Down Desert Pack/Prefab/Skull_02.prefab using Guid(855bf43c9f9ccbe4cac8101a4474097c) Importer(2089858483,d624ce77472d68a35037170ec1d2d27e) (ScriptedImporter) -> (artifact id: 'd5f98d53457151ac3e9a62c5c119f58e') in 0.0181775 seconds
Number of updated asset objects reloaded before import = 0Number of asset objects unloaded after import = 10

========================================================================
Received Import Request.
  Time since last request: 0.000032 seconds.
  path: Assets/Desert/Top-Down Desert Pack/Prefab/Camp/flag_02.prefab
  artifactKey: Guid(af9534eefd2dfe840a1b8190ec606b8b) Importer(2089858483,d624ce77472d68a35037170ec1d2d27e)
Start importing Assets/Desert/Top-Down Desert Pack/Prefab/Camp/flag_02.prefab using Guid(af9534eefd2dfe840a1b8190ec606b8b) Importer(2089858483,d624ce77472d68a35037170ec1d2d27e) (ScriptedImporter) -> (artifact id: '07cd4949cea20bfe68414f96810bbef8') in 0.0235705 seconds
Number of updated asset objects reloaded before import = 0Number of asset objects unloaded after import = 10

========================================================================
Received Import Request.
  Time since last request: 0.000039 seconds.
  path: Assets/Desert/Top-Down Desert Pack/Mesh/Ruins/flor_stone_05.FBX
  artifactKey: Guid(e1f5150605e257840b51fa472aadcb26) Importer(2089858483,d624ce77472d68a35037170ec1d2d27e)
Start importing Assets/Desert/Top-Down Desert Pack/Mesh/Ruins/flor_stone_05.FBX using Guid(e1f5150605e257840b51fa472aadcb26) Importer(2089858483,d624ce77472d68a35037170ec1d2d27e) (ScriptedImporter) -> (artifact id: '08fddbd534da3b006b2ba541cad53ccb') in 0.0229325 seconds
Number of updated asset objects reloaded before import = 0Number of asset objects unloaded after import = 8

========================================================================
Received Import Request.
  Time since last request: 0.000030 seconds.
  path: Assets/Desert/Top-Down Desert Pack/Prefab/Ruins/flor_stone_05.prefab
  artifactKey: Guid(42a2059bdda67a24fafa756b2a91fa3d) Importer(2089858483,d624ce77472d68a35037170ec1d2d27e)
Start importing Assets/Desert/Top-Down Desert Pack/Prefab/Ruins/flor_stone_05.prefab using Guid(42a2059bdda67a24fafa756b2a91fa3d) Importer(2089858483,d624ce77472d68a35037170ec1d2d27e) (ScriptedImporter) -> (artifact id: '252c48b2a51059c67c6177284582cdf1') in 0.0246689 seconds
Number of updated asset objects reloaded before import = 0Number of asset objects unloaded after import = 8

========================================================================
Received Import Request.
  Time since last request: 0.000026 seconds.
  path: Assets/Desert/Top-Down Desert Pack/Prefab/rock_08.prefab
  artifactKey: Guid(8cfb1d99776a6744dbc4e1eff14e2978) Importer(2089858483,d624ce77472d68a35037170ec1d2d27e)
Start importing Assets/Desert/Top-Down Desert Pack/Prefab/rock_08.prefab using Guid(8cfb1d99776a6744dbc4e1eff14e2978) Importer(2089858483,d624ce77472d68a35037170ec1d2d27e) (ScriptedImporter) -> (artifact id: 'c2501dd78092a16afbd3cf91a85ec26b') in 0.0199355 seconds
Number of updated asset objects reloaded before import = 0Number of asset objects unloaded after import = 10

========================================================================
Received Import Request.
  Time since last request: 0.000035 seconds.
  path: Assets/Desert/Top-Down Desert Pack/Mesh/tree_01.FBX
  artifactKey: Guid(5467d48c4f4014b4c83a04dd6a6ff27c) Importer(2089858483,d624ce77472d68a35037170ec1d2d27e)
Start importing Assets/Desert/Top-Down Desert Pack/Mesh/tree_01.FBX using Guid(5467d48c4f4014b4c83a04dd6a6ff27c) Importer(2089858483,d624ce77472d68a35037170ec1d2d27e) (ScriptedImporter) -> (artifact id: 'f9e1f8d47174405f61a100925de674a2') in 0.0722265 seconds
Number of updated asset objects reloaded before import = 0Number of asset objects unloaded after import = 11

========================================================================
Received Import Request.
  Time since last request: 0.000024 seconds.
  path: Assets/_TerrainAutoUpgrade/layer_Ground_06cd2d2d038030d602.terrainlayer
  artifactKey: Guid(bcaefbd4a0f974f4b86cda06dadda68b) Importer(2089858483,d624ce77472d68a35037170ec1d2d27e)
Start importing Assets/_TerrainAutoUpgrade/layer_Ground_06cd2d2d038030d602.terrainlayer using Guid(bcaefbd4a0f974f4b86cda06dadda68b) Importer(2089858483,d624ce77472d68a35037170ec1d2d27e) (ScriptedImporter) -> (artifact id: 'c5a60c9c7faa30356313f14eb793a2a9') in 0.0212996 seconds
Number of updated asset objects reloaded before import = 0Number of asset objects unloaded after import = 2

========================================================================
Received Import Request.
  Time since last request: 0.000031 seconds.
  path: Assets/Desert/Top-Down Desert Pack/Shader/StandardDoubleSided.shader
  artifactKey: Guid(40db32d2c9853ee43bb9ac0009acadf0) Importer(2089858483,d624ce77472d68a35037170ec1d2d27e)
Start importing Assets/Desert/Top-Down Desert Pack/Shader/StandardDoubleSided.shader using Guid(40db32d2c9853ee43bb9ac0009acadf0) Importer(2089858483,d624ce77472d68a35037170ec1d2d27e) (ScriptedImporter) -> (artifact id: 'be7aeebfcaf75b00874dc74c9b9790ad') in 0.0238649 seconds
Number of updated asset objects reloaded before import = 0Number of asset objects unloaded after import = 1

========================================================================
Received Import Request.
  Time since last request: 0.000258 seconds.
  path: Assets/Desert/Top-Down Desert Pack/Mesh/Ruins/flor_stone_03.FBX
  artifactKey: Guid(2b4a5dc5bb1264741944963918a53033) Importer(2089858483,d624ce77472d68a35037170ec1d2d27e)
Start importing Assets/Desert/Top-Down Desert Pack/Mesh/Ruins/flor_stone_03.FBX using Guid(2b4a5dc5bb1264741944963918a53033) Importer(2089858483,d624ce77472d68a35037170ec1d2d27e) (ScriptedImporter) -> (artifact id: '43f26d02d5b488f37d6dade9b617ab78') in 0.0261774 seconds
Number of updated asset objects reloaded before import = 0Number of asset objects unloaded after import = 8

========================================================================
Received Import Request.
  Time since last request: 0.000030 seconds.
  path: Assets/Desert/Top-Down Desert Pack/demo/demo_listSettings.lighting
  artifactKey: Guid(9b1bedc8156fce544bb6c10cadd61bf6) Importer(2089858483,d624ce77472d68a35037170ec1d2d27e)
Start importing Assets/Desert/Top-Down Desert Pack/demo/demo_listSettings.lighting using Guid(9b1bedc8156fce544bb6c10cadd61bf6) Importer(2089858483,d624ce77472d68a35037170ec1d2d27e) (ScriptedImporter)LightingSettings: switching bake backend from 2 to 1.
 -> (artifact id: '7c1e2db106e3ee6bb95d5ae05851d4cf') in 0.0288319 seconds
Number of updated asset objects reloaded before import = 0Number of asset objects unloaded after import = 1

========================================================================
Received Import Request.
  Time since last request: 0.000039 seconds.
  path: Assets/Desert/Top-Down Desert Pack/Water/Water4/Models/OceanPlane.FBX
  artifactKey: Guid(681e41ee1260343b395ca58745c94870) Importer(2089858483,d624ce77472d68a35037170ec1d2d27e)
Start importing Assets/Desert/Top-Down Desert Pack/Water/Water4/Models/OceanPlane.FBX using Guid(681e41ee1260343b395ca58745c94870) Importer(2089858483,d624ce77472d68a35037170ec1d2d27e) (ScriptedImporter) -> (artifact id: 'bea91b62866bd54142360e30933ee062') in 0.0323237 seconds
Number of updated asset objects reloaded before import = 0Number of asset objects unloaded after import = 9

========================================================================
Received Import Request.
  Time since last request: 0.000027 seconds.
  path: Assets/Desert/Top-Down Desert Pack/Mesh/bone_02.FBX
  artifactKey: Guid(e7a4bde4e1fa1b74ebe35624c75ff5e8) Importer(2089858483,d624ce77472d68a35037170ec1d2d27e)
Start importing Assets/Desert/Top-Down Desert Pack/Mesh/bone_02.FBX using Guid(e7a4bde4e1fa1b74ebe35624c75ff5e8) Importer(2089858483,d624ce77472d68a35037170ec1d2d27e) (ScriptedImporter) -> (artifact id: 'c50e0bbd19c2816d10136da2e99bc5dc') in 0.0276481 seconds
Number of updated asset objects reloaded before import = 0Number of asset objects unloaded after import = 10

========================================================================
Received Import Request.
  Time since last request: 0.000031 seconds.
  path: Assets/Desert/Top-Down Desert Pack/Prefab/tree_02.prefab
  artifactKey: Guid(5178d7abf0db4d541b9fcb528b83a35b) Importer(2089858483,d624ce77472d68a35037170ec1d2d27e)
Start importing Assets/Desert/Top-Down Desert Pack/Prefab/tree_02.prefab using Guid(5178d7abf0db4d541b9fcb528b83a35b) Importer(2089858483,d624ce77472d68a35037170ec1d2d27e) (ScriptedImporter) -> (artifact id: '3c09adc2faa3d053e4209e332a3f27db') in 0.0275633 seconds
Number of updated asset objects reloaded before import = 0Number of asset objects unloaded after import = 11

========================================================================
Received Import Request.
  Time since last request: 0.000024 seconds.
  path: Assets/Desert/Top-Down Desert Pack/Prefab/fern_01.prefab
  artifactKey: Guid(ae701fa1cd9a7ac48a7bd7708643695b) Importer(2089858483,d624ce77472d68a35037170ec1d2d27e)
Start importing Assets/Desert/Top-Down Desert Pack/Prefab/fern_01.prefab using Guid(ae701fa1cd9a7ac48a7bd7708643695b) Importer(2089858483,d624ce77472d68a35037170ec1d2d27e) (ScriptedImporter) -> (artifact id: '444ed93bfeaf4952d212daab467362ea') in 0.0216753 seconds
Number of updated asset objects reloaded before import = 0Number of asset objects unloaded after import = 10

========================================================================
Received Import Request.
  Time since last request: 0.000051 seconds.
  path: Assets/Desert/Top-Down Desert Pack/Materials/plane.mat
  artifactKey: Guid(3cc7c7e37b8080045a093c3cf6451008) Importer(2089858483,d624ce77472d68a35037170ec1d2d27e)
Start importing Assets/Desert/Top-Down Desert Pack/Materials/plane.mat using Guid(3cc7c7e37b8080045a093c3cf6451008) Importer(2089858483,d624ce77472d68a35037170ec1d2d27e) (ScriptedImporter) -> (artifact id: '9581be650edd9bc9ff647b9b3b559a0c') in 0.0183327 seconds
Number of updated asset objects reloaded before import = 0Number of asset objects unloaded after import = 1

========================================================================
Received Import Request.
  Time since last request: 0.000026 seconds.
  path: Assets/Desert/Top-Down Desert Pack/Mesh/rock_05.FBX
  artifactKey: Guid(bad166a31f4e0184fae5e36829cf6d1f) Importer(2089858483,d624ce77472d68a35037170ec1d2d27e)
Start importing Assets/Desert/Top-Down Desert Pack/Mesh/rock_05.FBX using Guid(bad166a31f4e0184fae5e36829cf6d1f) Importer(2089858483,d624ce77472d68a35037170ec1d2d27e) (ScriptedImporter) -> (artifact id: '069b216de489a025d06334a1f2e4ecf9') in 0.0254629 seconds
Number of updated asset objects reloaded before import = 0Number of asset objects unloaded after import = 10

========================================================================
Received Import Request.
  Time since last request: 0.000024 seconds.
  path: Assets/Desert/Top-Down Desert Pack/Prefab/Ruins/column_01.prefab
  artifactKey: Guid(2a3fd687bea5227489d245447577eee0) Importer(2089858483,d624ce77472d68a35037170ec1d2d27e)
Start importing Assets/Desert/Top-Down Desert Pack/Prefab/Ruins/column_01.prefab using Guid(2a3fd687bea5227489d245447577eee0) Importer(2089858483,d624ce77472d68a35037170ec1d2d27e) (ScriptedImporter) -> (artifact id: 'b1219e34e4fe5467b6cab10b95eb7280') in 0.0190821 seconds
Number of updated asset objects reloaded before import = 0Number of asset objects unloaded after import = 8

========================================================================
Received Import Request.
  Time since last request: 0.000024 seconds.
  path: Assets/Desert/Top-Down Desert Pack/Prefab/Ruins/column_03.prefab
  artifactKey: Guid(d9d7c06124517334fabc2d7fd36c8dab) Importer(2089858483,d624ce77472d68a35037170ec1d2d27e)
Start importing Assets/Desert/Top-Down Desert Pack/Prefab/Ruins/column_03.prefab using Guid(d9d7c06124517334fabc2d7fd36c8dab) Importer(2089858483,d624ce77472d68a35037170ec1d2d27e) (ScriptedImporter) -> (artifact id: 'da072b7b0553d72d342a2ef1367e984b') in 0.0215638 seconds
Number of updated asset objects reloaded before import = 0Number of asset objects unloaded after import = 8

========================================================================
Received Import Request.
  Time since last request: 0.000027 seconds.
  path: Assets/Desert/Top-Down Desert Pack/Mesh/palms_02.FBX
  artifactKey: Guid(8b0d7871b47dad4499dc9bb8e043cdb5) Importer(2089858483,d624ce77472d68a35037170ec1d2d27e)
Start importing Assets/Desert/Top-Down Desert Pack/Mesh/palms_02.FBX using Guid(8b0d7871b47dad4499dc9bb8e043cdb5) Importer(2089858483,d624ce77472d68a35037170ec1d2d27e) (ScriptedImporter) -> (artifact id: '5d11aabee2ce3acb29ae3c9e471fd09a') in 0.0262772 seconds
Number of updated asset objects reloaded before import = 0Number of asset objects unloaded after import = 11

========================================================================
Received Import Request.
  Time since last request: 0.000033 seconds.
  path: Assets/Desert/Top-Down Desert Pack/Prefab/Camp
  artifactKey: Guid(1d7ed633aa80fb742aaebfa812dc75e2) Importer(2089858483,d624ce77472d68a35037170ec1d2d27e)
Start importing Assets/Desert/Top-Down Desert Pack/Prefab/Camp using Guid(1d7ed633aa80fb742aaebfa812dc75e2) Importer(2089858483,d624ce77472d68a35037170ec1d2d27e) (ScriptedImporter) -> (artifact id: '9a527938a986316164d20ccc1e6b8421') in 0.0138927 seconds
Number of updated asset objects reloaded before import = 0Number of asset objects unloaded after import = 1

========================================================================
Received Import Request.
  Time since last request: 0.000032 seconds.
  path: Assets/Desert/Top-Down Desert Pack/Mesh/Skull_01.FBX
  artifactKey: Guid(6bdabbea0d5756440a72b8daf7291ff9) Importer(2089858483,d624ce77472d68a35037170ec1d2d27e)
Start importing Assets/Desert/Top-Down Desert Pack/Mesh/Skull_01.FBX using Guid(6bdabbea0d5756440a72b8daf7291ff9) Importer(2089858483,d624ce77472d68a35037170ec1d2d27e) (ScriptedImporter) -> (artifact id: '3f15679515419b7a37d8da2da3c46c9b') in 0.0289643 seconds
Number of updated asset objects reloaded before import = 0Number of asset objects unloaded after import = 10

========================================================================
Received Import Request.
  Time since last request: 0.000188 seconds.
  path: Assets/Desert/Top-Down Desert Pack/Water
  artifactKey: Guid(4f65f58f1750429468db4bef75317815) Importer(2089858483,d624ce77472d68a35037170ec1d2d27e)
Start importing Assets/Desert/Top-Down Desert Pack/Water using Guid(4f65f58f1750429468db4bef75317815) Importer(2089858483,d624ce77472d68a35037170ec1d2d27e) (ScriptedImporter) -> (artifact id: '22de572c87e7eeb31835968875348722') in 0.0133802 seconds
Number of updated asset objects reloaded before import = 0Number of asset objects unloaded after import = 1

========================================================================
Received Import Request.
  Time since last request: 0.000080 seconds.
  path: Assets/Desert/Top-Down Desert Pack/Mesh/rock_half_02.FBX
  artifactKey: Guid(cfb4b642e06640f458fb7c8d0f62851d) Importer(2089858483,d624ce77472d68a35037170ec1d2d27e)
Start importing Assets/Desert/Top-Down Desert Pack/Mesh/rock_half_02.FBX using Guid(cfb4b642e06640f458fb7c8d0f62851d) Importer(2089858483,d624ce77472d68a35037170ec1d2d27e) (ScriptedImporter) -> (artifact id: '12a01822b05e8fe2f718f13a5b29a2db') in 0.0265129 seconds
Number of updated asset objects reloaded before import = 0Number of asset objects unloaded after import = 10

========================================================================
Received Import Request.
  Time since last request: 0.000030 seconds.
  path: Assets/Desert/Top-Down Desert Pack/Mesh/Ruins/column_02.FBX
  artifactKey: Guid(acc65323c4e647648ba5ba21b4e2a9cb) Importer(2089858483,d624ce77472d68a35037170ec1d2d27e)
Start importing Assets/Desert/Top-Down Desert Pack/Mesh/Ruins/column_02.FBX using Guid(acc65323c4e647648ba5ba21b4e2a9cb) Importer(2089858483,d624ce77472d68a35037170ec1d2d27e) (ScriptedImporter) -> (artifact id: 'd2d41e255b43b08f6c07f335f2cf5c43') in 0.0245936 seconds
Number of updated asset objects reloaded before import = 0Number of asset objects unloaded after import = 8

========================================================================
Received Import Request.
  Time since last request: 0.000036 seconds.
  path: Assets/Desert/Top-Down Desert Pack/Mesh/Camp/tent_02.FBX
  artifactKey: Guid(7917a6efd9431034a9998019cef8c124) Importer(2089858483,d624ce77472d68a35037170ec1d2d27e)
Start importing Assets/Desert/Top-Down Desert Pack/Mesh/Camp/tent_02.FBX using Guid(7917a6efd9431034a9998019cef8c124) Importer(2089858483,d624ce77472d68a35037170ec1d2d27e) (ScriptedImporter) -> (artifact id: 'ac4d79588cabaa4619bcf60a10672495') in 0.0284091 seconds
Number of updated asset objects reloaded before import = 0Number of asset objects unloaded after import = 10

========================================================================
Received Import Request.
  Time since last request: 0.000182 seconds.
  path: Assets/Desert/Top-Down Desert Pack/Mesh/bone_01.FBX
  artifactKey: Guid(9ee7d3fcdc7c1b14bb5d9f4d46899963) Importer(2089858483,d624ce77472d68a35037170ec1d2d27e)
Start importing Assets/Desert/Top-Down Desert Pack/Mesh/bone_01.FBX using Guid(9ee7d3fcdc7c1b14bb5d9f4d46899963) Importer(2089858483,d624ce77472d68a35037170ec1d2d27e) (ScriptedImporter) -> (artifact id: '8b46a15d56106f7fad1be250e1df7c66') in 0.0254928 seconds
Number of updated asset objects reloaded before import = 0Number of asset objects unloaded after import = 10

========================================================================
Received Import Request.
  Time since last request: 0.000027 seconds.
  path: Assets/Desert/Top-Down Desert Pack/Materials/cactus_diffuse.mat
  artifactKey: Guid(752bed486fc60064ab42f4203f6f6472) Importer(2089858483,d624ce77472d68a35037170ec1d2d27e)
Start importing Assets/Desert/Top-Down Desert Pack/Materials/cactus_diffuse.mat using Guid(752bed486fc60064ab42f4203f6f6472) Importer(2089858483,d624ce77472d68a35037170ec1d2d27e) (ScriptedImporter) -> (artifact id: 'd9e16158c4535df6d153e705d55b1f86') in 0.0231139 seconds
Number of updated asset objects reloaded before import = 0Number of asset objects unloaded after import = 3

========================================================================
Received Import Request.
  Time since last request: 0.000027 seconds.
  path: Assets/Desert/Top-Down Desert Pack/Prefab/Camp/armor.prefab
  artifactKey: Guid(19fdc29081cb1ff4eadb08955ae3f864) Importer(2089858483,d624ce77472d68a35037170ec1d2d27e)
Start importing Assets/Desert/Top-Down Desert Pack/Prefab/Camp/armor.prefab using Guid(19fdc29081cb1ff4eadb08955ae3f864) Importer(2089858483,d624ce77472d68a35037170ec1d2d27e) (ScriptedImporter) -> (artifact id: '0ada636d72df73f092fc77c96586c1f7') in 0.0199039 seconds
Number of updated asset objects reloaded before import = 0Number of asset objects unloaded after import = 10

========================================================================
Received Import Request.
  Time since last request: 0.000022 seconds.
  path: Assets/Desert/Top-Down Desert Pack/Prefab/Ruins/arch_03.prefab
  artifactKey: Guid(9dc4c9ecc6ab4aa478f2b70764d4a5c1) Importer(2089858483,d624ce77472d68a35037170ec1d2d27e)
Start importing Assets/Desert/Top-Down Desert Pack/Prefab/Ruins/arch_03.prefab using Guid(9dc4c9ecc6ab4aa478f2b70764d4a5c1) Importer(2089858483,d624ce77472d68a35037170ec1d2d27e) (ScriptedImporter) -> (artifact id: '38eb740521b2e8ac101c6cf22cedac9b') in 0.0188755 seconds
Number of updated asset objects reloaded before import = 0Number of asset objects unloaded after import = 8

========================================================================
Received Import Request.
  Time since last request: 0.000034 seconds.
  path: Assets/Desert/Top-Down Desert Pack/Prefab/Camp/bonfire.prefab
  artifactKey: Guid(7ba1cae7345eddc4c8f851d6a78058b4) Importer(2089858483,d624ce77472d68a35037170ec1d2d27e)
Start importing Assets/Desert/Top-Down Desert Pack/Prefab/Camp/bonfire.prefab using Guid(7ba1cae7345eddc4c8f851d6a78058b4) Importer(2089858483,d624ce77472d68a35037170ec1d2d27e) (ScriptedImporter) -> (artifact id: '74dca396e0b15a7d6907122f66194734') in 0.0215671 seconds
Number of updated asset objects reloaded before import = 0Number of asset objects unloaded after import = 10

========================================================================
Received Import Request.
  Time since last request: 0.000041 seconds.
  path: Assets/Desert/Top-Down Desert Pack/Mesh/Ruins/Materials/wire_085028177.mat
  artifactKey: Guid(4a1f0120b5841f74da6e985b057271f7) Importer(2089858483,d624ce77472d68a35037170ec1d2d27e)
Start importing Assets/Desert/Top-Down Desert Pack/Mesh/Ruins/Materials/wire_085028177.mat using Guid(4a1f0120b5841f74da6e985b057271f7) Importer(2089858483,d624ce77472d68a35037170ec1d2d27e) (ScriptedImporter) -> (artifact id: '4c21ea591c4b65de3827d05e583e6601') in 0.0169717 seconds
Number of updated asset objects reloaded before import = 0Number of asset objects unloaded after import = 1

========================================================================
Received Import Request.
  Time since last request: 0.000030 seconds.
  path: Assets/Desert/Top-Down Desert Pack/Texture/Grass.tif
  artifactKey: Guid(d0712103ec360064e975e0c66ff22ff6) Importer(2089858483,d624ce77472d68a35037170ec1d2d27e)
Start importing Assets/Desert/Top-Down Desert Pack/Texture/Grass.tif using Guid(d0712103ec360064e975e0c66ff22ff6) Importer(2089858483,d624ce77472d68a35037170ec1d2d27e) (ScriptedImporter) -> (artifact id: 'b6926fd0c0ac03bd6777fd7abe37b48b') in 0.0233224 seconds
Number of updated asset objects reloaded before import = 0Number of asset objects unloaded after import = 1

========================================================================
Received Import Request.
  Time since last request: 0.000026 seconds.
  path: Assets/Desert/Top-Down Desert Pack/Water/Water4/Shaders
  artifactKey: Guid(2c538784885b34a5987ed9f6651d9ecd) Importer(2089858483,d624ce77472d68a35037170ec1d2d27e)
Start importing Assets/Desert/Top-Down Desert Pack/Water/Water4/Shaders using Guid(2c538784885b34a5987ed9f6651d9ecd) Importer(2089858483,d624ce77472d68a35037170ec1d2d27e) (ScriptedImporter) -> (artifact id: '48d00de64ee3b0318457882af512174b') in 0.0146515 seconds
Number of updated asset objects reloaded before import = 0Number of asset objects unloaded after import = 1

========================================================================
Received Import Request.
  Time since last request: 0.000026 seconds.
  path: Assets/Desert/Top-Down Desert Pack/Texture/fire.png
  artifactKey: Guid(5911bef66e5e11747bdad31ffb6adeb5) Importer(2089858483,d624ce77472d68a35037170ec1d2d27e)
Start importing Assets/Desert/Top-Down Desert Pack/Texture/fire.png using Guid(5911bef66e5e11747bdad31ffb6adeb5) Importer(2089858483,d624ce77472d68a35037170ec1d2d27e) (ScriptedImporter) -> (artifact id: 'bb96851c657b87a3bf046759ca2e9b71') in 0.0199031 seconds
Number of updated asset objects reloaded before import = 0Number of asset objects unloaded after import = 1

========================================================================
Received Import Request.
  Time since last request: 0.000027 seconds.
  path: Assets/Desert/Top-Down Desert Pack/demo/New Terrain.asset
  artifactKey: Guid(83cfd265af850e84d87b8516cfe2f9a7) Importer(2089858483,d624ce77472d68a35037170ec1d2d27e)
Start importing Assets/Desert/Top-Down Desert Pack/demo/New Terrain.asset using Guid(83cfd265af850e84d87b8516cfe2f9a7) Importer(2089858483,d624ce77472d68a35037170ec1d2d27e) (ScriptedImporter) -> (artifact id: 'e392e36c3d9a3114f5a3260b26d7ae72') in 0.1333061 seconds
Number of updated asset objects reloaded before import = 0Number of asset objects unloaded after import = 11

========================================================================
Received Import Request.
  Time since last request: 0.000058 seconds.
  path: Assets/Desert/Top-Down Desert Pack/Prefab/Ruins/block_02.prefab
  artifactKey: Guid(c4db4add7ab61a34ba3d62c9e27dee62) Importer(2089858483,d624ce77472d68a35037170ec1d2d27e)
Start importing Assets/Desert/Top-Down Desert Pack/Prefab/Ruins/block_02.prefab using Guid(c4db4add7ab61a34ba3d62c9e27dee62) Importer(2089858483,d624ce77472d68a35037170ec1d2d27e) (ScriptedImporter) -> (artifact id: 'e9e36aa058c81b35a1b8b76f0d46bee2') in 0.0237948 seconds
Number of updated asset objects reloaded before import = 0Number of asset objects unloaded after import = 8

========================================================================
Received Import Request.
  Time since last request: 0.000074 seconds.
  path: Assets/Desert/Top-Down Desert Pack/Mesh/rock_06.FBX
  artifactKey: Guid(87cb7b9a7c4ff574cb2f8e969875e2fc) Importer(2089858483,d624ce77472d68a35037170ec1d2d27e)
Start importing Assets/Desert/Top-Down Desert Pack/Mesh/rock_06.FBX using Guid(87cb7b9a7c4ff574cb2f8e969875e2fc) Importer(2089858483,d624ce77472d68a35037170ec1d2d27e) (ScriptedImporter) -> (artifact id: '2ba4a9caca07a0f79d50409eddade0a1') in 0.0338529 seconds
Number of updated asset objects reloaded before import = 0Number of asset objects unloaded after import = 10

========================================================================
Received Import Request.
  Time since last request: 0.000028 seconds.
  path: Assets/Desert/Top-Down Desert Pack/Prefab/cactus_05.prefab
  artifactKey: Guid(ae723d37b2b00f149a08fc6e656a952b) Importer(2089858483,d624ce77472d68a35037170ec1d2d27e)
Start importing Assets/Desert/Top-Down Desert Pack/Prefab/cactus_05.prefab using Guid(ae723d37b2b00f149a08fc6e656a952b) Importer(2089858483,d624ce77472d68a35037170ec1d2d27e) (ScriptedImporter) -> (artifact id: '924d3b40eb23de0f1e18e43b622b13fa') in 0.0307953 seconds
Number of updated asset objects reloaded before import = 0Number of asset objects unloaded after import = 11

========================================================================
Received Import Request.
  Time since last request: 0.000029 seconds.
  path: Assets/Desert/Top-Down Desert Pack/Prefab/Ruins/flor_stone_01.prefab
  artifactKey: Guid(ce828aed67d89d44d90dc4806c80039a) Importer(2089858483,d624ce77472d68a35037170ec1d2d27e)
Start importing Assets/Desert/Top-Down Desert Pack/Prefab/Ruins/flor_stone_01.prefab using Guid(ce828aed67d89d44d90dc4806c80039a) Importer(2089858483,d624ce77472d68a35037170ec1d2d27e) (ScriptedImporter) -> (artifact id: '9102d12f4391de6a6c60fc9455ee8839') in 0.0212146 seconds
Number of updated asset objects reloaded before import = 0Number of asset objects unloaded after import = 8

========================================================================
Received Import Request.
  Time since last request: 0.000027 seconds.
  path: Assets/Desert/Top-Down Desert Pack/Mesh/Ruins/arch_02.FBX
  artifactKey: Guid(fa380e64685a8d9438b4cbfdc135bee5) Importer(2089858483,d624ce77472d68a35037170ec1d2d27e)
Start importing Assets/Desert/Top-Down Desert Pack/Mesh/Ruins/arch_02.FBX using Guid(fa380e64685a8d9438b4cbfdc135bee5) Importer(2089858483,d624ce77472d68a35037170ec1d2d27e) (ScriptedImporter) -> (artifact id: '9b580aacd8b0b64f2b1cfbb6e75ddf34') in 0.023631 seconds
Number of updated asset objects reloaded before import = 0Number of asset objects unloaded after import = 8

========================================================================
Received Import Request.
  Time since last request: 0.000032 seconds.
  path: Assets/Desert/Top-Down Desert Pack/Mesh/Camp/log_2.FBX
  artifactKey: Guid(b94d7eadcb9dc1e469db943d65eccd9a) Importer(2089858483,d624ce77472d68a35037170ec1d2d27e)
Start importing Assets/Desert/Top-Down Desert Pack/Mesh/Camp/log_2.FBX using Guid(b94d7eadcb9dc1e469db943d65eccd9a) Importer(2089858483,d624ce77472d68a35037170ec1d2d27e) (ScriptedImporter) -> (artifact id: 'c4839f9f45ab1fd45cdce3eba1694660') in 0.0305607 seconds
Number of updated asset objects reloaded before import = 0Number of asset objects unloaded after import = 10

========================================================================
Received Import Request.
  Time since last request: 0.000024 seconds.
  path: Assets/Desert/Top-Down Desert Pack/Prefab/Ruins/stone bar.prefab
  artifactKey: Guid(7a4834087fece164ea076b15f3ee93d7) Importer(2089858483,d624ce77472d68a35037170ec1d2d27e)
Start importing Assets/Desert/Top-Down Desert Pack/Prefab/Ruins/stone bar.prefab using Guid(7a4834087fece164ea076b15f3ee93d7) Importer(2089858483,d624ce77472d68a35037170ec1d2d27e) (ScriptedImporter) -> (artifact id: '134f58521bddc25c601c17961f929931') in 0.0204671 seconds
Number of updated asset objects reloaded before import = 0Number of asset objects unloaded after import = 8

========================================================================
Received Import Request.
  Time since last request: 0.000027 seconds.
  path: Assets/Desert/Top-Down Desert Pack/Prefab
  artifactKey: Guid(d76dfc624e169c549b5d24f04aaff17a) Importer(2089858483,d624ce77472d68a35037170ec1d2d27e)
Start importing Assets/Desert/Top-Down Desert Pack/Prefab using Guid(d76dfc624e169c549b5d24f04aaff17a) Importer(2089858483,d624ce77472d68a35037170ec1d2d27e) (ScriptedImporter) -> (artifact id: '8ab464a8ecac2c271b36a8e11cb25be5') in 0.0179616 seconds
Number of updated asset objects reloaded before import = 0Number of asset objects unloaded after import = 1

========================================================================
Received Import Request.
  Time since last request: 0.000067 seconds.
  path: Assets/Desert/Top-Down Desert Pack/Prefab/Camp/board_01.prefab
  artifactKey: Guid(12d9b322540130a408e2779f31f8124e) Importer(2089858483,d624ce77472d68a35037170ec1d2d27e)
Start importing Assets/Desert/Top-Down Desert Pack/Prefab/Camp/board_01.prefab using Guid(12d9b322540130a408e2779f31f8124e) Importer(2089858483,d624ce77472d68a35037170ec1d2d27e) (ScriptedImporter) -> (artifact id: 'ed31ddd6ba8f8bebb98732feca9c742c') in 0.0251778 seconds
Number of updated asset objects reloaded before import = 0Number of asset objects unloaded after import = 10

========================================================================
Received Import Request.
  Time since last request: 654.398891 seconds.
  path: Assets/Desert/Top-Down Desert Pack/demo/New Terrain.asset
  artifactKey: Guid(83cfd265af850e84d87b8516cfe2f9a7) Importer(2089858483,d624ce77472d68a35037170ec1d2d27e)
Start importing Assets/Desert/Top-Down Desert Pack/demo/New Terrain.asset using Guid(83cfd265af850e84d87b8516cfe2f9a7) Importer(2089858483,d624ce77472d68a35037170ec1d2d27e) (ScriptedImporter) -> (artifact id: '809a92fb8e2d69301e1d871a6b2b35b1') in 0.0284933 seconds
Number of updated asset objects reloaded before import = 0Number of asset objects unloaded after import = 3

