[Licensing::Module] Trying to connect to existing licensing client channel...
Built from '6000.3/respin/6000.3.6f1-732c1ec89f18' branch; Version is '6000.3.6f1 (bbb010bdb8a3) revision 12300304'; Using compiler version '194234433'; Build Type 'Release'
[Licensing::IpcConnector] Successfully connected to: "LicenseClient-jayde" at "2026-10-01T14:16:52.8374788Z"
OS: 'Windows 11  (10.0.26200) Core' Language: 'en' Physical Memory: 15557 MB
BatchMode: 1, IsHumanControllingUs: 0, StartBugReporterOnCrash: 0, Is64bit: 1
System  architecture: x64
Process architecture: x64
Date: 2026-10-01T14:16:52Z

COMMAND LINE ARGUMENTS:
C:\Program Files\Unity 6000.3.6f1\Editor\Unity.exe
-adb2
-batchMode
-noUpm
-name
AssetImportWorker2
-projectPath
C:/Users/jayde/Documents/UnityProjects/CPS499_561_RollerCoaster
-logFile
Logs/AssetImportWorker2.log
-srvPort
52842
-licensingIpc
LicenseClient-jayde
-job-worker-count
5
-background-job-worker-count
8
-gc-helper-count
1
-name
AssetImport
Successfully changed project path to: C:/Users/jayde/Documents/UnityProjects/CPS499_561_RollerCoaster
C:/Users/jayde/Documents/UnityProjects/CPS499_561_RollerCoaster
[UnityMemory] Configuration Parameters - Can be set up in boot.config
    "memorysetup-temp-allocator-size-nav-mesh-worker=65536"
    "memorysetup-temp-allocator-size-audio-worker=65536"
    "memorysetup-temp-allocator-size-gfx=262144"
    "memorysetup-allocator-temp-initial-block-size-main=262144"
    "memorysetup-allocator-temp-initial-block-size-worker=262144"
    "memorysetup-temp-allocator-size-background-worker=32768"
    "memorysetup-temp-allocator-size-job-worker=262144"
    "memorysetup-temp-allocator-size-preload-manager=33554432"
    "memorysetup-temp-allocator-size-gi-baking-worker=262144"
    "memorysetup-temp-allocator-size-gi-baking-worker=262144"
    "memorysetup-temp-allocator-size-gi-baking-worker=262144"
    "memorysetup-temp-allocator-size-gi-baking-worker=262144"
    "memorysetup-temp-allocator-size-gi-baking-worker=262144"
    "memorysetup-bucket-allocator-granularity=16"
    "memorysetup-bucket-allocator-bucket-count=8"
    "memorysetup-bucket-allocator-block-size=33554432"
    "memorysetup-bucket-allocator-block-count=8"
    "memorysetup-main-allocator-block-size=16777216"
    "memorysetup-thread-allocator-block-size=16777216"
    "memorysetup-gfx-main-allocator-block-size=16777216"
    "memorysetup-gfx-thread-allocator-block-size=16777216"
    "memorysetup-cache-allocator-block-size=4194304"
    "memorysetup-typetree-allocator-block-size=2097152"
    "memorysetup-profiler-bucket-allocator-granularity=16"
    "memorysetup-profiler-bucket-allocator-bucket-count=8"
    "memorysetup-profiler-bucket-allocator-block-size=33554432"
    "memorysetup-profiler-bucket-allocator-block-count=8"
    "memorysetup-profiler-allocator-block-size=16777216"
    "memorysetup-profiler-editor-allocator-block-size=1048576"
    "memorysetup-temp-allocator-size-main=16777216"
    "memorysetup-job-temp-allocator-block-size=2097152"
    "memorysetup-job-temp-allocator-block-size-background=1048576"
    "memorysetup-job-temp-allocator-reduction-small-platforms=262144"
    "memorysetup-temp-allocator-size-cloud-worker=32768"
Player connection [2996]  Target information:

Player connection [2996]  * "[IP] 131.238.222.250 [Port] 0 [Flags] 2 [Guid] 1829316980 [EditorId] 1829316980 [Version] 1048832 [Id] WindowsEditor(7,JaydenLenovo1) [Debug] 1 [PackageName] WindowsEditor [ProjectName] Editor" 

Player connection [2996] Host joined multi-casting on [225.0.0.222:54997]...
Player connection [2996] Host joined alternative multi-casting on [225.0.0.222:34997]...
JobSystem: Creating JobQueue using job-worker-count value 5
Input System module state changed to: Initialized.
[Physics::Module] Initialized fallback backend.
[Physics::Module] Id: 0xdecafbad
Library Redirect Path: Library/
[Physics::Module] Selected backend.
[Physics::Module] Name: PhysX
[Physics::Module] Id: 0xf2b8ea05
[Physics::Module] SDK Version: 4.1.2
[Physics::Module] Integration Version: 1.0.0
[Physics::Module] Threading Mode: Multi-Threaded
Refreshing native plugins compatible for Editor in 3.29 ms, found 3 plugins.
Preloading 0 native plugins for Editor in 0.00 ms.
Initialize engine version: 6000.3.6f1 (bbb010bdb8a3)
[Subsystems] Discovering subsystems at path C:/Program Files/Unity 6000.3.6f1/Editor/Data/Resources/UnitySubsystems
[Subsystems] Discovering subsystems at path C:/Users/jayde/Documents/UnityProjects/CPS499_561_RollerCoaster/Assets
GfxDevice: creating device client; kGfxThreadingModeNonThreaded
Direct3D:
    Version:  Direct3D 11.0 [level 11.1]
    Renderer: NVIDIA GeForce RTX 3050 Laptop GPU (ID=0x25a2)
    Vendor:   NVIDIA
    VRAM:     3977 MB
    Driver:   31.0.15.3770
Initialize mono
Mono path[0] = 'C:/Program Files/Unity 6000.3.6f1/Editor/Data/Managed'
Mono path[1] = 'C:/Program Files/Unity 6000.3.6f1/Editor/Data/MonoBleedingEdge/lib/mono/unityjit-win32'
Mono config path = 'C:/Program Files/Unity 6000.3.6f1/Editor/Data/MonoBleedingEdge/etc'
Using monoOptions --debugger-agent=transport=dt_socket,embedding=1,server=y,suspend=n,address=127.0.0.1:56320
Begin MonoManager ReloadAssembly
Registering precompiled unity dll's ...
Register platform support module: C:/Program Files/Unity 6000.3.6f1/Editor/Data/PlaybackEngines/WindowsStandaloneSupport/UnityEditor.WindowsStandalone.Extensions.dll
Registered in 0.004803 seconds.
- Loaded All Assemblies, in  0.907 seconds
[Licensing::Client] Handshaking with LicensingClient:
  Version:                 1.17.4+4293ba1
  Session Id:              84102cb2dcde49c585f79b3a58830df5
  Correlation Id:          bdaadadb704a8cc45cb53a4f2bc1cf0c
  External correlation Id: 3397006303514190053
  Machine Id:              xheNMcDZ5pKxvAtcUY2Fr0s4dV0=
[Licensing::Module] Successfully connected to LicensingClient on channel: "LicenseClient-jayde" (connect: 0.00s, validation: 0.00s, handshake: 2.15s)
[Licensing::IpcConnector] Successfully connected to: "LicenseClient-jayde-notifications" at "2026-10-01T14:16:54.9850818Z"
[Licensing::Module] Licensing Background thread has ended after 2.15s
Native extension for WindowsStandalone target not found
ScheduleIndexationOnStartup MainProcess:False IndexOnStartup:True
Mono: successfully reloaded assembly
- Finished resetting the current domain, in  0.738 seconds
Domain Reload Profiling: 1637ms
	BeginReloadAssembly (322ms)
		ExecutionOrderSort (0ms)
		DisableScriptedObjects (0ms)
		BackupInstance (0ms)
		ReleaseScriptingObjects (0ms)
		CreateAndSetChildDomain (2ms)
	RebuildCommonClasses (86ms)
	RebuildNativeTypeToScriptingClass (21ms)
	initialDomainReloadingComplete (93ms)
	LoadAllAssembliesAndSetupDomain (377ms)
		LoadAssemblies (311ms)
		RebuildTransferFunctionScriptingTraits (0ms)
		AnalyzeDomain (371ms)
			TypeCache.Refresh (368ms)
				TypeCache.ScanAssembly (340ms)
			BuildScriptInfoCaches (0ms)
			ResolveRequiredComponents (1ms)
	FinalizeReload (738ms)
		ReleaseScriptCaches (0ms)
		RebuildScriptCaches (0ms)
		SetupLoadedEditorAssemblies (641ms)
			LogAssemblyErrors (0ms)
			InitializePlatformSupportModulesInManaged (95ms)
			SetLoadedEditorAssemblies (6ms)
			BeforeProcessingInitializeOnLoad (175ms)
			ProcessInitializeOnLoadAttributes (249ms)
			ProcessInitializeOnLoadMethodAttributes (116ms)
			AfterProcessingInitializeOnLoad (0ms)
			EditorAssembliesLoaded (0ms)
		ExecutionOrderSort2 (0ms)
		AwakeInstancesAfterBackupRestoration (0ms)
========================================================================
Worker process is ready to serve import requests
Import Worker Mode flag is 0x00
Begin MonoManager ReloadAssembly
[Licensing::Client] Successfully resolved entitlement details
[Licensing::Module] License group:
  Id: 2476034115965-UnityPersXXXX
  Product: Unity Personal
  Type: Assigned
  Expiration: Unlimited
- Loaded All Assemblies, in  1.110 seconds
Refreshing native plugins compatible for Editor in 1.70 ms, found 3 plugins.
Native extension for WindowsStandalone target not found
Package Manager log level set to [2]
[Package Manager] Failed to launch server process. Reason: Unity was launched with the -noUpm command-line argument
[Package Manager] Unable to send message (not connected to server process).
[Package Manager] Cannot connect to Unity Package Manager local server
ScheduleIndexationOnStartup MainProcess:False IndexOnStartup:True
Mono: successfully reloaded assembly
- Finished resetting the current domain, in  0.953 seconds
Domain Reload Profiling: 2051ms
	BeginReloadAssembly (317ms)
		ExecutionOrderSort (0ms)
		DisableScriptedObjects (13ms)
		BackupInstance (0ms)
		ReleaseScriptingObjects (0ms)
		CreateAndSetChildDomain (53ms)
	RebuildCommonClasses (59ms)
	RebuildNativeTypeToScriptingClass (14ms)
	initialDomainReloadingComplete (59ms)
	LoadAllAssembliesAndSetupDomain (647ms)
		LoadAssemblies (520ms)
		RebuildTransferFunctionScriptingTraits (0ms)
		AnalyzeDomain (301ms)
			TypeCache.Refresh (220ms)
				TypeCache.ScanAssembly (203ms)
			BuildScriptInfoCaches (69ms)
			ResolveRequiredComponents (7ms)
	FinalizeReload (954ms)
		ReleaseScriptCaches (0ms)
		RebuildScriptCaches (0ms)
		SetupLoadedEditorAssemblies (766ms)
			LogAssemblyErrors (0ms)
			InitializePlatformSupportModulesInManaged (3ms)
			SetLoadedEditorAssemblies (5ms)
			BeforeProcessingInitializeOnLoad (247ms)
			ProcessInitializeOnLoadAttributes (450ms)
			ProcessInitializeOnLoadMethodAttributes (51ms)
			AfterProcessingInitializeOnLoad (10ms)
			EditorAssembliesLoaded (0ms)
		ExecutionOrderSort2 (0ms)
		AwakeInstancesAfterBackupRestoration (7ms)
Launched and connected shader compiler UnityShaderCompiler.exe after 0.02 seconds
Refreshing native plugins compatible for Editor in 1.54 ms, found 3 plugins.
Preloading 0 native plugins for Editor in 0.00 ms.
Unloading 0 Unused Serialized files (Serialized files now loaded: 0)
Unloading 3835 unused Assets / (1.9 MB). Loaded Objects now: 4451.
Memory consumption went from 107.1 MB to 105.2 MB.
Total: 20.885400 ms (FindLiveObjects: 1.545800 ms CreateObjectMapping: 1.062900 ms MarkObjects: 15.352900 ms  DeleteObjects: 2.922000 ms)

========================================================================
Received Import Request.
  Time since last request: 2481.284148 seconds.
  path: Assets/Desert/Top-Down Desert Pack/Mesh/Ruins/column_06.FBX
  artifactKey: Guid(77e236736cefb23458a956c9765f9733) Importer(2089858483,d624ce77472d68a35037170ec1d2d27e)
Start importing Assets/Desert/Top-Down Desert Pack/Mesh/Ruins/column_06.FBX using Guid(77e236736cefb23458a956c9765f9733) Importer(2089858483,d624ce77472d68a35037170ec1d2d27e) (ScriptedImporter) -> (artifact id: '5caf42633c7ffa8386241209ee9e770a') in 0.2476178 seconds
Number of updated asset objects reloaded before import = 0Number of asset objects unloaded after import = 8

========================================================================
Received Import Request.
  Time since last request: 0.000041 seconds.
  path: Assets/Desert/Top-Down Desert Pack/Water/Water4/Materials/Water4Simple.mat
  artifactKey: Guid(656fde119942645aa8e062e04c119aa1) Importer(2089858483,d624ce77472d68a35037170ec1d2d27e)
Start importing Assets/Desert/Top-Down Desert Pack/Water/Water4/Materials/Water4Simple.mat using Guid(656fde119942645aa8e062e04c119aa1) Importer(2089858483,d624ce77472d68a35037170ec1d2d27e) (ScriptedImporter) -> (artifact id: '67b0444139c13c61fd4a9d510c535894') in 0.06629 seconds
Number of updated asset objects reloaded before import = 0Number of asset objects unloaded after import = 2

========================================================================
Received Import Request.
  Time since last request: 0.000032 seconds.
  path: Assets/Desert/Top-Down Desert Pack/Prefab/rock_09.prefab
  artifactKey: Guid(1971614aaff50314b89ba5f8b2bffe8b) Importer(2089858483,d624ce77472d68a35037170ec1d2d27e)
Start importing Assets/Desert/Top-Down Desert Pack/Prefab/rock_09.prefab using Guid(1971614aaff50314b89ba5f8b2bffe8b) Importer(2089858483,d624ce77472d68a35037170ec1d2d27e) (ScriptedImporter) -> (artifact id: '956f0ac5c22b1e208fdd20831a084328') in 0.0317697 seconds
Number of updated asset objects reloaded before import = 0Number of asset objects unloaded after import = 10

========================================================================
Received Import Request.
  Time since last request: 0.000025 seconds.
  path: Assets/Desert
  artifactKey: Guid(5aa30af211b7de340871f8f130e771bd) Importer(2089858483,d624ce77472d68a35037170ec1d2d27e)
Start importing Assets/Desert using Guid(5aa30af211b7de340871f8f130e771bd) Importer(2089858483,d624ce77472d68a35037170ec1d2d27e) (ScriptedImporter) -> (artifact id: '9e2e6d9b4780fc7d8aa9b2b8b9ab6851') in 0.014798 seconds
Number of updated asset objects reloaded before import = 0Number of asset objects unloaded after import = 1

========================================================================
Received Import Request.
  Time since last request: 0.000023 seconds.
  path: Assets/Desert/Top-Down Desert Pack/Mesh/bone_08.FBX
  artifactKey: Guid(b6a06c823ce2fe7449fe584b1d8b9a89) Importer(2089858483,d624ce77472d68a35037170ec1d2d27e)
Start importing Assets/Desert/Top-Down Desert Pack/Mesh/bone_08.FBX using Guid(b6a06c823ce2fe7449fe584b1d8b9a89) Importer(2089858483,d624ce77472d68a35037170ec1d2d27e) (ScriptedImporter) -> (artifact id: '814f0a7feedfb9a2ab2578eb76ff38fd') in 0.0286417 seconds
Number of updated asset objects reloaded before import = 0Number of asset objects unloaded after import = 10

========================================================================
Received Import Request.
  Time since last request: 0.000028 seconds.
  path: Assets/Desert/Top-Down Desert Pack/Texture/tent_normal.tga
  artifactKey: Guid(f7cb64760396af948be8930d275af52d) Importer(2089858483,d624ce77472d68a35037170ec1d2d27e)
Start importing Assets/Desert/Top-Down Desert Pack/Texture/tent_normal.tga using Guid(f7cb64760396af948be8930d275af52d) Importer(2089858483,d624ce77472d68a35037170ec1d2d27e) (ScriptedImporter) -> (artifact id: 'fd2261534627b5566daeb79f70e58256') in 0.1000886 seconds
Number of updated asset objects reloaded before import = 0Number of asset objects unloaded after import = 1

========================================================================
Received Import Request.
  Time since last request: 0.000026 seconds.
  path: Assets/Desert/Top-Down Desert Pack/Shader
  artifactKey: Guid(bda80fb228488074caf0592509130cb5) Importer(2089858483,d624ce77472d68a35037170ec1d2d27e)
Start importing Assets/Desert/Top-Down Desert Pack/Shader using Guid(bda80fb228488074caf0592509130cb5) Importer(2089858483,d624ce77472d68a35037170ec1d2d27e) (ScriptedImporter) -> (artifact id: '0a8a2fff323102813cf7e1c5f24e3e98') in 0.0228299 seconds
Number of updated asset objects reloaded before import = 0Number of asset objects unloaded after import = 1

========================================================================
Received Import Request.
  Time since last request: 0.000052 seconds.
  path: Assets/Desert/Top-Down Desert Pack/Prefab/Camp/tent_03.prefab
  artifactKey: Guid(b2287fed21fa9244099287e9d815a93a) Importer(2089858483,d624ce77472d68a35037170ec1d2d27e)
Start importing Assets/Desert/Top-Down Desert Pack/Prefab/Camp/tent_03.prefab using Guid(b2287fed21fa9244099287e9d815a93a) Importer(2089858483,d624ce77472d68a35037170ec1d2d27e) (ScriptedImporter) -> (artifact id: 'f3cc547e30b8f89c82f416bc8fb1ce6b') in 0.0292538 seconds
Number of updated asset objects reloaded before import = 0Number of asset objects unloaded after import = 11

========================================================================
Received Import Request.
  Time since last request: 0.000031 seconds.
  path: Assets/Desert/Top-Down Desert Pack/Mesh/cactus_03.FBX
  artifactKey: Guid(e9539172551266843b801b3bb164a554) Importer(2089858483,d624ce77472d68a35037170ec1d2d27e)
Start importing Assets/Desert/Top-Down Desert Pack/Mesh/cactus_03.FBX using Guid(e9539172551266843b801b3bb164a554) Importer(2089858483,d624ce77472d68a35037170ec1d2d27e) (ScriptedImporter) -> (artifact id: '284dcb07c6844ef94f3c5af6d62d9e32') in 0.038309 seconds
Number of updated asset objects reloaded before import = 0Number of asset objects unloaded after import = 11

========================================================================
Received Import Request.
  Time since last request: 0.000036 seconds.
  path: Assets/Desert/Top-Down Desert Pack/Mesh/Camp/armor.FBX
  artifactKey: Guid(67db6586cdc896449a75e40288297021) Importer(2089858483,d624ce77472d68a35037170ec1d2d27e)
Start importing Assets/Desert/Top-Down Desert Pack/Mesh/Camp/armor.FBX using Guid(67db6586cdc896449a75e40288297021) Importer(2089858483,d624ce77472d68a35037170ec1d2d27e) (ScriptedImporter) -> (artifact id: 'cd81968c02f5c00ff2b710d0326ec3ab') in 0.0256821 seconds
Number of updated asset objects reloaded before import = 0Number of asset objects unloaded after import = 10

========================================================================
Received Import Request.
  Time since last request: 0.000029 seconds.
  path: Assets/Desert/Top-Down Desert Pack/Prefab/Ruins/arch_02.prefab
  artifactKey: Guid(222fbb1d928b34f409fad220b4b36e7c) Importer(2089858483,d624ce77472d68a35037170ec1d2d27e)
Start importing Assets/Desert/Top-Down Desert Pack/Prefab/Ruins/arch_02.prefab using Guid(222fbb1d928b34f409fad220b4b36e7c) Importer(2089858483,d624ce77472d68a35037170ec1d2d27e) (ScriptedImporter) -> (artifact id: '49ef412845220f07bfaddbd80aed27a8') in 0.0460405 seconds
Number of updated asset objects reloaded before import = 0Number of asset objects unloaded after import = 8

========================================================================
Received Import Request.
  Time since last request: 0.000024 seconds.
  path: Assets/Desert/Top-Down Desert Pack/demo/demo_list.unity
  artifactKey: Guid(a9e5195d492ce6f43b2581cb9ed14a69) Importer(2089858483,d624ce77472d68a35037170ec1d2d27e)
Start importing Assets/Desert/Top-Down Desert Pack/demo/demo_list.unity using Guid(a9e5195d492ce6f43b2581cb9ed14a69) Importer(2089858483,d624ce77472d68a35037170ec1d2d27e) (ScriptedImporter) -> (artifact id: '28f4b94461a0ad8265ab8b7167438a5c') in 0.0185074 seconds
Number of updated asset objects reloaded before import = 0Number of asset objects unloaded after import = 1

========================================================================
Received Import Request.
  Time since last request: 0.000022 seconds.
  path: Assets/Desert/Top-Down Desert Pack/Prefab/tree_01.prefab
  artifactKey: Guid(e1444474e78c5df4d9c6814f857bce08) Importer(2089858483,d624ce77472d68a35037170ec1d2d27e)
Start importing Assets/Desert/Top-Down Desert Pack/Prefab/tree_01.prefab using Guid(e1444474e78c5df4d9c6814f857bce08) Importer(2089858483,d624ce77472d68a35037170ec1d2d27e) (ScriptedImporter) -> (artifact id: 'd8b0987963ff087e49bceccb77b068a6') in 0.0297146 seconds
Number of updated asset objects reloaded before import = 0Number of asset objects unloaded after import = 11

========================================================================
Received Import Request.
  Time since last request: 0.000027 seconds.
  path: Assets/Desert/Top-Down Desert Pack/Mesh/Camp/carpet_02.FBX
  artifactKey: Guid(0ed8c8bb7f595844cbad20d386acad92) Importer(2089858483,d624ce77472d68a35037170ec1d2d27e)
Start importing Assets/Desert/Top-Down Desert Pack/Mesh/Camp/carpet_02.FBX using Guid(0ed8c8bb7f595844cbad20d386acad92) Importer(2089858483,d624ce77472d68a35037170ec1d2d27e) (ScriptedImporter) -> (artifact id: '98d2887e2639dbd7b9e9e01a5658abc8') in 0.0339545 seconds
Number of updated asset objects reloaded before import = 0Number of asset objects unloaded after import = 8

========================================================================
Received Import Request.
  Time since last request: 0.000041 seconds.
  path: Assets/Desert/Top-Down Desert Pack/Prefab/bone_02.prefab
  artifactKey: Guid(40286abd3961dc84b9fd5b8e5c59fd0c) Importer(2089858483,d624ce77472d68a35037170ec1d2d27e)
Start importing Assets/Desert/Top-Down Desert Pack/Prefab/bone_02.prefab using Guid(40286abd3961dc84b9fd5b8e5c59fd0c) Importer(2089858483,d624ce77472d68a35037170ec1d2d27e) (ScriptedImporter) -> (artifact id: '300f82f4c65ddb8526625953f54f3e29') in 0.0213574 seconds
Number of updated asset objects reloaded before import = 0Number of asset objects unloaded after import = 10

========================================================================
Received Import Request.
  Time since last request: 0.000029 seconds.
  path: Assets/Desert/Top-Down Desert Pack/Prefab/Camp/stairs_03.prefab
  artifactKey: Guid(834a9f24370c5184f83f68731e45ec5f) Importer(2089858483,d624ce77472d68a35037170ec1d2d27e)
Start importing Assets/Desert/Top-Down Desert Pack/Prefab/Camp/stairs_03.prefab using Guid(834a9f24370c5184f83f68731e45ec5f) Importer(2089858483,d624ce77472d68a35037170ec1d2d27e) (ScriptedImporter) -> (artifact id: '2c1e36bae416f94b4e92a3504565bf79') in 0.0241023 seconds
Number of updated asset objects reloaded before import = 0Number of asset objects unloaded after import = 9

========================================================================
Received Import Request.
  Time since last request: 0.000031 seconds.
  path: Assets/Desert/Top-Down Desert Pack/Mesh/Ruins/column_04.FBX
  artifactKey: Guid(f70ed6dd4a1ca264084b3014f100d55d) Importer(2089858483,d624ce77472d68a35037170ec1d2d27e)
Start importing Assets/Desert/Top-Down Desert Pack/Mesh/Ruins/column_04.FBX using Guid(f70ed6dd4a1ca264084b3014f100d55d) Importer(2089858483,d624ce77472d68a35037170ec1d2d27e) (ScriptedImporter) -> (artifact id: 'ad1bb8f521471d61b6bc470917031210') in 0.0265718 seconds
Number of updated asset objects reloaded before import = 0Number of asset objects unloaded after import = 10

========================================================================
Received Import Request.
  Time since last request: 0.000037 seconds.
  path: Assets/Desert/Top-Down Desert Pack
  artifactKey: Guid(fc5b71f382840f544bbff0493d4d04ba) Importer(2089858483,d624ce77472d68a35037170ec1d2d27e)
Start importing Assets/Desert/Top-Down Desert Pack using Guid(fc5b71f382840f544bbff0493d4d04ba) Importer(2089858483,d624ce77472d68a35037170ec1d2d27e) (ScriptedImporter) -> (artifact id: '756afce90d7e002445fc3e35c9e6b503') in 0.0172614 seconds
Number of updated asset objects reloaded before import = 0Number of asset objects unloaded after import = 1

========================================================================
Received Import Request.
  Time since last request: 0.000027 seconds.
  path: Assets/Desert/Top-Down Desert Pack/Mesh/fern_02.FBX
  artifactKey: Guid(4e2a59513955a914586f0857397376f7) Importer(2089858483,d624ce77472d68a35037170ec1d2d27e)
Start importing Assets/Desert/Top-Down Desert Pack/Mesh/fern_02.FBX using Guid(4e2a59513955a914586f0857397376f7) Importer(2089858483,d624ce77472d68a35037170ec1d2d27e) (ScriptedImporter) -> (artifact id: '5d40c077095299381f156aed984a4475') in 0.0330439 seconds
Number of updated asset objects reloaded before import = 0Number of asset objects unloaded after import = 10

========================================================================
Received Import Request.
  Time since last request: 0.000029 seconds.
  path: Assets/Desert/Top-Down Desert Pack/Mesh/rock_03.FBX
  artifactKey: Guid(992eb0abb2ced4b45b09670de9359943) Importer(2089858483,d624ce77472d68a35037170ec1d2d27e)
Start importing Assets/Desert/Top-Down Desert Pack/Mesh/rock_03.FBX using Guid(992eb0abb2ced4b45b09670de9359943) Importer(2089858483,d624ce77472d68a35037170ec1d2d27e) (ScriptedImporter) -> (artifact id: 'e8dad1f00564dfb2497dab3b86348571') in 0.030545 seconds
Number of updated asset objects reloaded before import = 0Number of asset objects unloaded after import = 10

========================================================================
Received Import Request.
  Time since last request: 0.000023 seconds.
  path: Assets/Desert/Top-Down Desert Pack/Mesh/Camp/board_02.FBX
  artifactKey: Guid(c2a8d1f0e4ce7e34c85a0f8563a71016) Importer(2089858483,d624ce77472d68a35037170ec1d2d27e)
Start importing Assets/Desert/Top-Down Desert Pack/Mesh/Camp/board_02.FBX using Guid(c2a8d1f0e4ce7e34c85a0f8563a71016) Importer(2089858483,d624ce77472d68a35037170ec1d2d27e) (ScriptedImporter) -> (artifact id: '9370c0ab033cc33914481e438dae6787') in 0.0277061 seconds
Number of updated asset objects reloaded before import = 0Number of asset objects unloaded after import = 10

========================================================================
Received Import Request.
  Time since last request: 0.000029 seconds.
  path: Assets/Desert/Top-Down Desert Pack/Water/Water4/Shaders/FXWater4Advanced.shader
  artifactKey: Guid(475c4a4e617a8401b84ca7b32c7cc460) Importer(2089858483,d624ce77472d68a35037170ec1d2d27e)
Start importing Assets/Desert/Top-Down Desert Pack/Water/Water4/Shaders/FXWater4Advanced.shader using Guid(475c4a4e617a8401b84ca7b32c7cc460) Importer(2089858483,d624ce77472d68a35037170ec1d2d27e) (ScriptedImporter) -> (artifact id: '19b4ef96b9984abbcfc95a3532d75777') in 0.0351066 seconds
Number of updated asset objects reloaded before import = 0Number of asset objects unloaded after import = 1

========================================================================
Received Import Request.
  Time since last request: 0.000030 seconds.
  path: Assets/Desert/Top-Down Desert Pack/Texture/props_normals.tga
  artifactKey: Guid(a6186dc24a50bf746b7d9d461e99b98c) Importer(2089858483,d624ce77472d68a35037170ec1d2d27e)
Start importing Assets/Desert/Top-Down Desert Pack/Texture/props_normals.tga using Guid(a6186dc24a50bf746b7d9d461e99b98c) Importer(2089858483,d624ce77472d68a35037170ec1d2d27e) (ScriptedImporter) -> (artifact id: '49a0a9d79ce97551c403c0e7ef097020') in 0.0872052 seconds
Number of updated asset objects reloaded before import = 0Number of asset objects unloaded after import = 1

========================================================================
Received Import Request.
  Time since last request: 0.000025 seconds.
  path: Assets/Desert/Top-Down Desert Pack/Prefab/Camp/log_01.prefab
  artifactKey: Guid(399b84866dd06e04d9201134658ba21c) Importer(2089858483,d624ce77472d68a35037170ec1d2d27e)
Start importing Assets/Desert/Top-Down Desert Pack/Prefab/Camp/log_01.prefab using Guid(399b84866dd06e04d9201134658ba21c) Importer(2089858483,d624ce77472d68a35037170ec1d2d27e) (ScriptedImporter) -> (artifact id: '3f6f7ff9c9d49b1f359b0c86a97ac5b1') in 0.033674 seconds
Number of updated asset objects reloaded before import = 0Number of asset objects unloaded after import = 10

========================================================================
Received Import Request.
  Time since last request: 0.000029 seconds.
  path: Assets/Desert/Top-Down Desert Pack/Prefab/Ruins
  artifactKey: Guid(f88990c6a8a6e2e4d83429af03bcfbcf) Importer(2089858483,d624ce77472d68a35037170ec1d2d27e)
Start importing Assets/Desert/Top-Down Desert Pack/Prefab/Ruins using Guid(f88990c6a8a6e2e4d83429af03bcfbcf) Importer(2089858483,d624ce77472d68a35037170ec1d2d27e) (ScriptedImporter) -> (artifact id: '85bde6ed48d1eab53139dbc2bd497500') in 0.015941 seconds
Number of updated asset objects reloaded before import = 0Number of asset objects unloaded after import = 1

========================================================================
Received Import Request.
  Time since last request: 0.000036 seconds.
  path: Assets/Desert/Top-Down Desert Pack/Mesh/Camp/flag_02.FBX
  artifactKey: Guid(4fb926c948af6f14e9db0cd79302c7f6) Importer(2089858483,d624ce77472d68a35037170ec1d2d27e)
Start importing Assets/Desert/Top-Down Desert Pack/Mesh/Camp/flag_02.FBX using Guid(4fb926c948af6f14e9db0cd79302c7f6) Importer(2089858483,d624ce77472d68a35037170ec1d2d27e) (ScriptedImporter) -> (artifact id: '6af27ee5b26bb17ec6e6ac99d2b31f5d') in 0.0271721 seconds
Number of updated asset objects reloaded before import = 0Number of asset objects unloaded after import = 10

========================================================================
Received Import Request.
  Time since last request: 0.000035 seconds.
  path: Assets/Desert/Top-Down Desert Pack/Prefab/rock_03.prefab
  artifactKey: Guid(2f592719fe67ca04497566a0d90a7c8c) Importer(2089858483,d624ce77472d68a35037170ec1d2d27e)
Start importing Assets/Desert/Top-Down Desert Pack/Prefab/rock_03.prefab using Guid(2f592719fe67ca04497566a0d90a7c8c) Importer(2089858483,d624ce77472d68a35037170ec1d2d27e) (ScriptedImporter) -> (artifact id: '607b1e9d5110683c3e9fc4101914ea49') in 0.0257501 seconds
Number of updated asset objects reloaded before import = 0Number of asset objects unloaded after import = 10

========================================================================
Received Import Request.
  Time since last request: 0.000029 seconds.
  path: Assets/Desert/Top-Down Desert Pack/Water/Water4/Materials
  artifactKey: Guid(a771af3b1958445078af5fe2e9ec726c) Importer(2089858483,d624ce77472d68a35037170ec1d2d27e)
Start importing Assets/Desert/Top-Down Desert Pack/Water/Water4/Materials using Guid(a771af3b1958445078af5fe2e9ec726c) Importer(2089858483,d624ce77472d68a35037170ec1d2d27e) (ScriptedImporter) -> (artifact id: '15001ddea3e7778b0e1c0f3390d71b52') in 0.0166723 seconds
Number of updated asset objects reloaded before import = 0Number of asset objects unloaded after import = 1

========================================================================
Received Import Request.
  Time since last request: 0.000026 seconds.
  path: Assets/Desert/Top-Down Desert Pack/Prefab/Ruins/flor_stone_04.prefab
  artifactKey: Guid(56df19ad25de7cf46b2f576a11196dbf) Importer(2089858483,d624ce77472d68a35037170ec1d2d27e)
Start importing Assets/Desert/Top-Down Desert Pack/Prefab/Ruins/flor_stone_04.prefab using Guid(56df19ad25de7cf46b2f576a11196dbf) Importer(2089858483,d624ce77472d68a35037170ec1d2d27e) (ScriptedImporter) -> (artifact id: 'f73d7103814393c152b9b0bbea746180') in 0.0239374 seconds
Number of updated asset objects reloaded before import = 0Number of asset objects unloaded after import = 8

========================================================================
Received Import Request.
  Time since last request: 0.000028 seconds.
  path: Assets/Desert/Top-Down Desert Pack/Prefab/Camp/fence_02.prefab
  artifactKey: Guid(6ad9c7e00a3fa584a9b9b2c414f3a4e0) Importer(2089858483,d624ce77472d68a35037170ec1d2d27e)
Start importing Assets/Desert/Top-Down Desert Pack/Prefab/Camp/fence_02.prefab using Guid(6ad9c7e00a3fa584a9b9b2c414f3a4e0) Importer(2089858483,d624ce77472d68a35037170ec1d2d27e) (ScriptedImporter) -> (artifact id: 'b9d0c604af9f7279e4984e1d0f3d9459') in 0.0272534 seconds
Number of updated asset objects reloaded before import = 0Number of asset objects unloaded after import = 10

========================================================================
Received Import Request.
  Time since last request: 0.000024 seconds.
  path: Assets/Desert/Top-Down Desert Pack/Prefab/Ruins/column_05.prefab
  artifactKey: Guid(b1e88795f045ab54892ee4dc469369d7) Importer(2089858483,d624ce77472d68a35037170ec1d2d27e)
Start importing Assets/Desert/Top-Down Desert Pack/Prefab/Ruins/column_05.prefab using Guid(b1e88795f045ab54892ee4dc469369d7) Importer(2089858483,d624ce77472d68a35037170ec1d2d27e) (ScriptedImporter) -> (artifact id: '014ffefbd26369503358a3280a5b3ca4') in 0.0218418 seconds
Number of updated asset objects reloaded before import = 0Number of asset objects unloaded after import = 8

========================================================================
Received Import Request.
  Time since last request: 0.000027 seconds.
  path: Assets/Desert/Top-Down Desert Pack/Mesh/Camp/log_01.FBX
  artifactKey: Guid(f48d0497a12450044b8a92c9dbff4e57) Importer(2089858483,d624ce77472d68a35037170ec1d2d27e)
Start importing Assets/Desert/Top-Down Desert Pack/Mesh/Camp/log_01.FBX using Guid(f48d0497a12450044b8a92c9dbff4e57) Importer(2089858483,d624ce77472d68a35037170ec1d2d27e) (ScriptedImporter) -> (artifact id: '5c8ee981512f7e1193ac302d56a4ee18') in 0.0292235 seconds
Number of updated asset objects reloaded before import = 0Number of asset objects unloaded after import = 10

========================================================================
Received Import Request.
  Time since last request: 0.000030 seconds.
  path: Assets/Desert/Top-Down Desert Pack/Prefab/rock_02.prefab
  artifactKey: Guid(a71fca434b7dbc84b9c9ab3649d1206a) Importer(2089858483,d624ce77472d68a35037170ec1d2d27e)
Start importing Assets/Desert/Top-Down Desert Pack/Prefab/rock_02.prefab using Guid(a71fca434b7dbc84b9c9ab3649d1206a) Importer(2089858483,d624ce77472d68a35037170ec1d2d27e) (ScriptedImporter) -> (artifact id: 'fb31450b63962b76f6ac253a49ce7da6') in 0.0247363 seconds
Number of updated asset objects reloaded before import = 0Number of asset objects unloaded after import = 10

========================================================================
Received Import Request.
  Time since last request: 0.000029 seconds.
  path: Assets/Desert/Top-Down Desert Pack/Prefab/bone_03.prefab
  artifactKey: Guid(08a458e14a57ab3468241614560ed89e) Importer(2089858483,d624ce77472d68a35037170ec1d2d27e)
Start importing Assets/Desert/Top-Down Desert Pack/Prefab/bone_03.prefab using Guid(08a458e14a57ab3468241614560ed89e) Importer(2089858483,d624ce77472d68a35037170ec1d2d27e) (ScriptedImporter) -> (artifact id: '17ee057e656d351661cad613a00346ad') in 0.0264381 seconds
Number of updated asset objects reloaded before import = 0Number of asset objects unloaded after import = 10

========================================================================
Received Import Request.
  Time since last request: 0.000043 seconds.
  path: Assets/Desert/Top-Down Desert Pack/Mesh/fern_03.FBX
  artifactKey: Guid(59748db556b34444b9ada538d55c5b00) Importer(2089858483,d624ce77472d68a35037170ec1d2d27e)
Start importing Assets/Desert/Top-Down Desert Pack/Mesh/fern_03.FBX using Guid(59748db556b34444b9ada538d55c5b00) Importer(2089858483,d624ce77472d68a35037170ec1d2d27e) (ScriptedImporter) -> (artifact id: 'd7ec13ac73bde46657adfd8edbcba747') in 0.026492 seconds
Number of updated asset objects reloaded before import = 0Number of asset objects unloaded after import = 10

========================================================================
Received Import Request.
  Time since last request: 0.000036 seconds.
  path: Assets/Desert/Top-Down Desert Pack/Mesh/rock_09.FBX
  artifactKey: Guid(55bc7d549e7c4034f8e7e33748793dd2) Importer(2089858483,d624ce77472d68a35037170ec1d2d27e)
Start importing Assets/Desert/Top-Down Desert Pack/Mesh/rock_09.FBX using Guid(55bc7d549e7c4034f8e7e33748793dd2) Importer(2089858483,d624ce77472d68a35037170ec1d2d27e) (ScriptedImporter) -> (artifact id: '8d11fac08511664d75a464116d86e77d') in 0.0251264 seconds
Number of updated asset objects reloaded before import = 0Number of asset objects unloaded after import = 10

========================================================================
Received Import Request.
  Time since last request: 0.000029 seconds.
  path: Assets/Desert/Top-Down Desert Pack/Prefab/Camp/log_03.prefab
  artifactKey: Guid(e5b5be49fbc3aca45ab8b4269763cbf1) Importer(2089858483,d624ce77472d68a35037170ec1d2d27e)
Start importing Assets/Desert/Top-Down Desert Pack/Prefab/Camp/log_03.prefab using Guid(e5b5be49fbc3aca45ab8b4269763cbf1) Importer(2089858483,d624ce77472d68a35037170ec1d2d27e) (ScriptedImporter) -> (artifact id: '04bb07dc8112bf0d9faf64d00a05a09b') in 0.0230017 seconds
Number of updated asset objects reloaded before import = 0Number of asset objects unloaded after import = 10

========================================================================
Received Import Request.
  Time since last request: 0.000074 seconds.
  path: Assets/Desert/Top-Down Desert Pack/Water/Water4/Shaders/WaterInclude.cginc
  artifactKey: Guid(34e1452e07a0b40c295c5b10aa679465) Importer(2089858483,d624ce77472d68a35037170ec1d2d27e)
Start importing Assets/Desert/Top-Down Desert Pack/Water/Water4/Shaders/WaterInclude.cginc using Guid(34e1452e07a0b40c295c5b10aa679465) Importer(2089858483,d624ce77472d68a35037170ec1d2d27e) (ScriptedImporter) -> (artifact id: 'd3b21c61128fca8c9c97ac881ee527b9') in 0.0216836 seconds
Number of updated asset objects reloaded before import = 0Number of asset objects unloaded after import = 1

========================================================================
Received Import Request.
  Time since last request: 0.000029 seconds.
  path: Assets/Desert/Top-Down Desert Pack/Prefab/rock_07.prefab
  artifactKey: Guid(f64d0d2afb264764ba1c61767933a856) Importer(2089858483,d624ce77472d68a35037170ec1d2d27e)
Start importing Assets/Desert/Top-Down Desert Pack/Prefab/rock_07.prefab using Guid(f64d0d2afb264764ba1c61767933a856) Importer(2089858483,d624ce77472d68a35037170ec1d2d27e) (ScriptedImporter) -> (artifact id: 'c5b94e5f3ea702ede9033d3a0d9a81ae') in 0.0243797 seconds
Number of updated asset objects reloaded before import = 0Number of asset objects unloaded after import = 10

========================================================================
Received Import Request.
  Time since last request: 0.000034 seconds.
  path: Assets/Desert/Top-Down Desert Pack/Mesh/Camp/log_03.FBX
  artifactKey: Guid(7e0a01fde97f2c245b3d3305f0210b41) Importer(2089858483,d624ce77472d68a35037170ec1d2d27e)
Start importing Assets/Desert/Top-Down Desert Pack/Mesh/Camp/log_03.FBX using Guid(7e0a01fde97f2c245b3d3305f0210b41) Importer(2089858483,d624ce77472d68a35037170ec1d2d27e) (ScriptedImporter) -> (artifact id: '0a5140c330215e564ed7acd82d68670e') in 0.0252157 seconds
Number of updated asset objects reloaded before import = 0Number of asset objects unloaded after import = 10

========================================================================
Received Import Request.
  Time since last request: 0.000024 seconds.
  path: Assets/Desert/Top-Down Desert Pack/Water/Water4/Materials/Water4Advanced.mat
  artifactKey: Guid(a5f2339f242f6cc41a982ec55ea3c201) Importer(2089858483,d624ce77472d68a35037170ec1d2d27e)
Start importing Assets/Desert/Top-Down Desert Pack/Water/Water4/Materials/Water4Advanced.mat using Guid(a5f2339f242f6cc41a982ec55ea3c201) Importer(2089858483,d624ce77472d68a35037170ec1d2d27e) (ScriptedImporter) -> (artifact id: '3f730d326b0c0b68aa41db3d226ac110') in 0.0207014 seconds
Number of updated asset objects reloaded before import = 0Number of asset objects unloaded after import = 3

========================================================================
Received Import Request.
  Time since last request: 0.000073 seconds.
  path: Assets/Desert/Top-Down Desert Pack/Mesh/Camp
  artifactKey: Guid(c09992e1c74255b498cb53c4c5f46f07) Importer(2089858483,d624ce77472d68a35037170ec1d2d27e)
Start importing Assets/Desert/Top-Down Desert Pack/Mesh/Camp using Guid(c09992e1c74255b498cb53c4c5f46f07) Importer(2089858483,d624ce77472d68a35037170ec1d2d27e) (ScriptedImporter) -> (artifact id: '811f7d5be17bb37db92c8a4aa6a0c0af') in 0.0159162 seconds
Number of updated asset objects reloaded before import = 0Number of asset objects unloaded after import = 1

========================================================================
Received Import Request.
  Time since last request: 0.000267 seconds.
  path: Assets/Desert/Top-Down Desert Pack/Mesh/bone_06.FBX
  artifactKey: Guid(fba0bcabcf8bf6e4c9596f4f9ff42301) Importer(2089858483,d624ce77472d68a35037170ec1d2d27e)
Start importing Assets/Desert/Top-Down Desert Pack/Mesh/bone_06.FBX using Guid(fba0bcabcf8bf6e4c9596f4f9ff42301) Importer(2089858483,d624ce77472d68a35037170ec1d2d27e) (ScriptedImporter) -> (artifact id: '7fc61744bf8f8c8a3b5a09f3ba170a19') in 0.0324154 seconds
Number of updated asset objects reloaded before import = 0Number of asset objects unloaded after import = 10

========================================================================
Received Import Request.
  Time since last request: 0.000035 seconds.
  path: Assets/Desert/Top-Down Desert Pack/Prefab/rock_04.prefab
  artifactKey: Guid(6c1051cc3f49a6d48925b67562d82fc8) Importer(2089858483,d624ce77472d68a35037170ec1d2d27e)
Start importing Assets/Desert/Top-Down Desert Pack/Prefab/rock_04.prefab using Guid(6c1051cc3f49a6d48925b67562d82fc8) Importer(2089858483,d624ce77472d68a35037170ec1d2d27e) (ScriptedImporter) -> (artifact id: 'aa807ec5021139b16de06fd7ecab4ada') in 0.0275943 seconds
Number of updated asset objects reloaded before import = 0Number of asset objects unloaded after import = 10

========================================================================
Received Import Request.
  Time since last request: 0.000036 seconds.
  path: Assets/Desert/Top-Down Desert Pack/Mesh/rock_08.FBX
  artifactKey: Guid(a8f9228ae87e73642becc85b059f3201) Importer(2089858483,d624ce77472d68a35037170ec1d2d27e)
Start importing Assets/Desert/Top-Down Desert Pack/Mesh/rock_08.FBX using Guid(a8f9228ae87e73642becc85b059f3201) Importer(2089858483,d624ce77472d68a35037170ec1d2d27e) (ScriptedImporter) -> (artifact id: '0f3d0627cca2a1ee14c78f7b2e755a95') in 0.029601 seconds
Number of updated asset objects reloaded before import = 0Number of asset objects unloaded after import = 10

========================================================================
Received Import Request.
  Time since last request: 0.000023 seconds.
  path: Assets/Desert/Top-Down Desert Pack/Prefab/Skull_03.prefab
  artifactKey: Guid(bd1920a8d3970f94886906bc7d77d9a7) Importer(2089858483,d624ce77472d68a35037170ec1d2d27e)
Start importing Assets/Desert/Top-Down Desert Pack/Prefab/Skull_03.prefab using Guid(bd1920a8d3970f94886906bc7d77d9a7) Importer(2089858483,d624ce77472d68a35037170ec1d2d27e) (ScriptedImporter) -> (artifact id: '23b066ceb4d80d9de1ad2ac383892dea') in 0.0225352 seconds
Number of updated asset objects reloaded before import = 0Number of asset objects unloaded after import = 10

========================================================================
Received Import Request.
  Time since last request: 0.000028 seconds.
  path: Assets/_TerrainAutoUpgrade
  artifactKey: Guid(91e334089be45b2448ca335478b9caa3) Importer(2089858483,d624ce77472d68a35037170ec1d2d27e)
Start importing Assets/_TerrainAutoUpgrade using Guid(91e334089be45b2448ca335478b9caa3) Importer(2089858483,d624ce77472d68a35037170ec1d2d27e) (ScriptedImporter) -> (artifact id: 'a01c237902d2e398dfcf1cc6ce327e8c') in 0.0178083 seconds
Number of updated asset objects reloaded before import = 0Number of asset objects unloaded after import = 1

========================================================================
Received Import Request.
  Time since last request: 0.000146 seconds.
  path: Assets/Desert/Top-Down Desert Pack/Mesh/Skull_03.FBX
  artifactKey: Guid(963353d2901a9e84792bc30c1451323a) Importer(2089858483,d624ce77472d68a35037170ec1d2d27e)
Start importing Assets/Desert/Top-Down Desert Pack/Mesh/Skull_03.FBX using Guid(963353d2901a9e84792bc30c1451323a) Importer(2089858483,d624ce77472d68a35037170ec1d2d27e) (ScriptedImporter) -> (artifact id: '93800f578c5e8ad96a84d139c884d273') in 0.031925 seconds
Number of updated asset objects reloaded before import = 0Number of asset objects unloaded after import = 10

========================================================================
Received Import Request.
  Time since last request: 0.000030 seconds.
  path: Assets/Desert/Top-Down Desert Pack/Texture/color.png
  artifactKey: Guid(299201e159be0774ab3dec9fa3b0cb23) Importer(2089858483,d624ce77472d68a35037170ec1d2d27e)
Start importing Assets/Desert/Top-Down Desert Pack/Texture/color.png using Guid(299201e159be0774ab3dec9fa3b0cb23) Importer(2089858483,d624ce77472d68a35037170ec1d2d27e) (ScriptedImporter) -> (artifact id: '7d80a4042f27d6960d72f8d520e160e2') in 0.0243302 seconds
Number of updated asset objects reloaded before import = 0Number of asset objects unloaded after import = 1

========================================================================
Received Import Request.
  Time since last request: 0.000025 seconds.
  path: Assets/Desert/Top-Down Desert Pack/Prefab/Camp/carpet_01.prefab
  artifactKey: Guid(5f3c9dfc6407e884aafdb3d93a3b7717) Importer(2089858483,d624ce77472d68a35037170ec1d2d27e)
Start importing Assets/Desert/Top-Down Desert Pack/Prefab/Camp/carpet_01.prefab using Guid(5f3c9dfc6407e884aafdb3d93a3b7717) Importer(2089858483,d624ce77472d68a35037170ec1d2d27e) (ScriptedImporter) -> (artifact id: '78e5a357c16266fcb37f8c1bb65b7b22') in 0.0256974 seconds
Number of updated asset objects reloaded before import = 0Number of asset objects unloaded after import = 8

========================================================================
Received Import Request.
  Time since last request: 0.000031 seconds.
  path: Assets/Desert/Top-Down Desert Pack/Texture/Ground
  artifactKey: Guid(a6cea9e1e7a7ae944875a1ac9141877b) Importer(2089858483,d624ce77472d68a35037170ec1d2d27e)
Start importing Assets/Desert/Top-Down Desert Pack/Texture/Ground using Guid(a6cea9e1e7a7ae944875a1ac9141877b) Importer(2089858483,d624ce77472d68a35037170ec1d2d27e) (ScriptedImporter) -> (artifact id: 'a88d7f1713a31a27e26d65c2af6b2e67') in 0.0177211 seconds
Number of updated asset objects reloaded before import = 0Number of asset objects unloaded after import = 1

========================================================================
Received Import Request.
  Time since last request: 0.000166 seconds.
  path: Assets/Desert/Top-Down Desert Pack/Texture/Ground/Ground_01.tif
  artifactKey: Guid(5d2ae49474c604242ae9f9525e84dc36) Importer(2089858483,d624ce77472d68a35037170ec1d2d27e)
Start importing Assets/Desert/Top-Down Desert Pack/Texture/Ground/Ground_01.tif using Guid(5d2ae49474c604242ae9f9525e84dc36) Importer(2089858483,d624ce77472d68a35037170ec1d2d27e) (ScriptedImporter) -> (artifact id: 'fa3a4d4ce13507e8cbd8524d971e4a8c') in 0.0213366 seconds
Number of updated asset objects reloaded before import = 0Number of asset objects unloaded after import = 1

========================================================================
Received Import Request.
  Time since last request: 0.000024 seconds.
  path: Assets/Desert/Top-Down Desert Pack/Mesh/Ruins/arch_01.FBX
  artifactKey: Guid(cd5096cce498c594fade2fa84d1bbcc4) Importer(2089858483,d624ce77472d68a35037170ec1d2d27e)
Start importing Assets/Desert/Top-Down Desert Pack/Mesh/Ruins/arch_01.FBX using Guid(cd5096cce498c594fade2fa84d1bbcc4) Importer(2089858483,d624ce77472d68a35037170ec1d2d27e) (ScriptedImporter) -> (artifact id: '5d99ea27eb31d70135093ce06b2071a3') in 0.025045 seconds
Number of updated asset objects reloaded before import = 0Number of asset objects unloaded after import = 8

========================================================================
Received Import Request.
  Time since last request: 0.000057 seconds.
  path: Assets/Desert/Top-Down Desert Pack/Mesh/bone_09.FBX
  artifactKey: Guid(dc7fdf289bf56664a9d71e87b3cc9612) Importer(2089858483,d624ce77472d68a35037170ec1d2d27e)
Start importing Assets/Desert/Top-Down Desert Pack/Mesh/bone_09.FBX using Guid(dc7fdf289bf56664a9d71e87b3cc9612) Importer(2089858483,d624ce77472d68a35037170ec1d2d27e) (ScriptedImporter) -> (artifact id: '46ad48dc1738c146179b8f1d96b50492') in 0.0246233 seconds
Number of updated asset objects reloaded before import = 0Number of asset objects unloaded after import = 10

========================================================================
Received Import Request.
  Time since last request: 0.000028 seconds.
  path: Assets/Desert/Top-Down Desert Pack/Texture/skeleton_diffuse.tga
  artifactKey: Guid(d94345c6969780145a897112af2a9790) Importer(2089858483,d624ce77472d68a35037170ec1d2d27e)
Start importing Assets/Desert/Top-Down Desert Pack/Texture/skeleton_diffuse.tga using Guid(d94345c6969780145a897112af2a9790) Importer(2089858483,d624ce77472d68a35037170ec1d2d27e) (ScriptedImporter) -> (artifact id: 'd2e817ec32ca402f320f775687291c71') in 0.0233586 seconds
Number of updated asset objects reloaded before import = 0Number of asset objects unloaded after import = 1

========================================================================
Received Import Request.
  Time since last request: 0.000029 seconds.
  path: Assets/Desert/Top-Down Desert Pack/Mesh/rock_half_03.FBX
  artifactKey: Guid(5163f980f725b9649b93aff875ed5248) Importer(2089858483,d624ce77472d68a35037170ec1d2d27e)
Start importing Assets/Desert/Top-Down Desert Pack/Mesh/rock_half_03.FBX using Guid(5163f980f725b9649b93aff875ed5248) Importer(2089858483,d624ce77472d68a35037170ec1d2d27e) (ScriptedImporter) -> (artifact id: '299647d28ff8cf82cad462d0a459c39e') in 0.0257106 seconds
Number of updated asset objects reloaded before import = 0Number of asset objects unloaded after import = 10

========================================================================
Received Import Request.
  Time since last request: 0.000034 seconds.
  path: Assets/Desert/Top-Down Desert Pack/Prefab/Ruins/flor_stone_03.prefab
  artifactKey: Guid(9aa63f1153adff443b4160c6c5e51f38) Importer(2089858483,d624ce77472d68a35037170ec1d2d27e)
Start importing Assets/Desert/Top-Down Desert Pack/Prefab/Ruins/flor_stone_03.prefab using Guid(9aa63f1153adff443b4160c6c5e51f38) Importer(2089858483,d624ce77472d68a35037170ec1d2d27e) (ScriptedImporter) -> (artifact id: 'af108e705eb006e197065232e5ce7e52') in 0.0200172 seconds
Number of updated asset objects reloaded before import = 0Number of asset objects unloaded after import = 8

========================================================================
Received Import Request.
  Time since last request: 0.000022 seconds.
  path: Assets/Desert/Top-Down Desert Pack/Texture/ruins_normals.tga
  artifactKey: Guid(97c8140910cfa6241819aba65fe855f6) Importer(2089858483,d624ce77472d68a35037170ec1d2d27e)
Start importing Assets/Desert/Top-Down Desert Pack/Texture/ruins_normals.tga using Guid(97c8140910cfa6241819aba65fe855f6) Importer(2089858483,d624ce77472d68a35037170ec1d2d27e) (ScriptedImporter) -> (artifact id: 'f3fcd6a123536feb893b6fa45e9c5c49') in 0.0562342 seconds
Number of updated asset objects reloaded before import = 0Number of asset objects unloaded after import = 1

========================================================================
Received Import Request.
  Time since last request: 0.000024 seconds.
  path: Assets/Desert/Top-Down Desert Pack/Mesh/Camp/board_01.FBX
  artifactKey: Guid(bb3ea0bb07a12ac4a883ae2ff4f8be1f) Importer(2089858483,d624ce77472d68a35037170ec1d2d27e)
Start importing Assets/Desert/Top-Down Desert Pack/Mesh/Camp/board_01.FBX using Guid(bb3ea0bb07a12ac4a883ae2ff4f8be1f) Importer(2089858483,d624ce77472d68a35037170ec1d2d27e) (ScriptedImporter) -> (artifact id: '9ff7ada45be85170b189bf3648341769') in 0.02778 seconds
Number of updated asset objects reloaded before import = 0Number of asset objects unloaded after import = 10

========================================================================
Received Import Request.
  Time since last request: 0.000024 seconds.
  path: Assets/Desert/Top-Down Desert Pack/Mesh/rock_02.FBX
  artifactKey: Guid(79cc26faf154b3d479ae6f50ecacf0cf) Importer(2089858483,d624ce77472d68a35037170ec1d2d27e)
Start importing Assets/Desert/Top-Down Desert Pack/Mesh/rock_02.FBX using Guid(79cc26faf154b3d479ae6f50ecacf0cf) Importer(2089858483,d624ce77472d68a35037170ec1d2d27e) (ScriptedImporter) -> (artifact id: '5901b15eb381074c4c910b13740e8471') in 0.0254492 seconds
Number of updated asset objects reloaded before import = 0Number of asset objects unloaded after import = 10

========================================================================
Received Import Request.
  Time since last request: 0.000030 seconds.
  path: Assets/Desert/Top-Down Desert Pack/Mesh/Ruins/column_03.FBX
  artifactKey: Guid(3eb221f26c52bb34082fffe3888dc018) Importer(2089858483,d624ce77472d68a35037170ec1d2d27e)
Start importing Assets/Desert/Top-Down Desert Pack/Mesh/Ruins/column_03.FBX using Guid(3eb221f26c52bb34082fffe3888dc018) Importer(2089858483,d624ce77472d68a35037170ec1d2d27e) (ScriptedImporter) -> (artifact id: '51e8cc6d27365e8abed78e362b3e3ffe') in 0.0223738 seconds
Number of updated asset objects reloaded before import = 0Number of asset objects unloaded after import = 8

========================================================================
Received Import Request.
  Time since last request: 0.000034 seconds.
  path: Assets/Desert/Top-Down Desert Pack/Prefab/Ruins/column_04.prefab
  artifactKey: Guid(7688272d2e6474642a35f481a473a157) Importer(2089858483,d624ce77472d68a35037170ec1d2d27e)
Start importing Assets/Desert/Top-Down Desert Pack/Prefab/Ruins/column_04.prefab using Guid(7688272d2e6474642a35f481a473a157) Importer(2089858483,d624ce77472d68a35037170ec1d2d27e) (ScriptedImporter) -> (artifact id: '1cf9fad37748396dd832c3022347137a') in 0.0198283 seconds
Number of updated asset objects reloaded before import = 0Number of asset objects unloaded after import = 10

Editor requested this worker to shutdown with reason: Scaling down because of idle timeout
AssetImportWorkerClient::OnTransportError - code=2 error=End of file
AssetImportWorker is now disconnected from the server
Process exiting
Exiting without the bug reporter. Application will terminate with return code 0